Archive member included to satisfy reference by file (symbol)

C:/msys64/mingw64/bin/../lib/gcc/arm-none-eabi/13.3.0/../../../../arm-none-eabi/lib/thumb/v7e-m+fp/hard\libc.a(libc_a-memcpy.o)
                              build/apollo4l_blue_evb/arm-none-eabi/apps/demos/nnse_baremetal_ap4l/src/nnse_baremetal_ap4l.o (memcpy)
build/apollo4l_blue_evb/arm-none-eabi/neuralspot/ns-core/ns-core.a(startup_gcc.o)
                              (Reset_Handler)
build/apollo4l_blue_evb/arm-none-eabi/neuralspot/ns-peripherals/ns-peripherals.a(ns_button.o)
                              build/apollo4l_blue_evb/arm-none-eabi/apps/demos/nnse_baremetal_ap4l/src/nnse_baremetal_ap4l.o (ns_peripheral_button_init)
build/apollo4l_blue_evb/arm-none-eabi/neuralspot/ns-peripherals/ns-peripherals.a(ns_button.o)
                              build/apollo4l_blue_evb/arm-none-eabi/neuralspot/ns-peripherals/ns-peripherals.a(ns_button.o) (ns_button_platform_init)
build/apollo4l_blue_evb/arm-none-eabi/neuralspot/ns-audio/ns-audio.a(SEGGER_RTT_printf.o)
                              build/apollo4l_blue_evb/arm-none-eabi/apps/demos/nnse_baremetal_ap4l/src/nnse_baremetal_ap4l.o (SEGGER_RTT_printf)
build/apollo4l_blue_evb/arm-none-eabi/neuralspot/ns-audio/ns-audio.a(SEGGER_RTT.o)
                              build/apollo4l_blue_evb/arm-none-eabi/neuralspot/ns-audio/ns-audio.a(SEGGER_RTT_printf.o) (SEGGER_RTT_Write)
build/apollo4l_blue_evb/arm-none-eabi/neuralspot/ns-nnsp/ns-nnsp.a(activation.o)
                              build/apollo4l_blue_evb/arm-none-eabi/apps/demos/nnse_baremetal_ap4l/src/def_nn3_se.o (tanh_fix)
build/apollo4l_blue_evb/arm-none-eabi/neuralspot/ns-nnsp/ns-nnsp.a(affine.o)
                              build/apollo4l_blue_evb/arm-none-eabi/apps/demos/nnse_baremetal_ap4l/src/def_nn3_se.o (fc_8x16)
build/apollo4l_blue_evb/arm-none-eabi/neuralspot/ns-nnsp/ns-nnsp.a(lstm.o)
                              build/apollo4l_blue_evb/arm-none-eabi/apps/demos/nnse_baremetal_ap4l/src/def_nn3_se.o (lstm_8x16)
build/apollo4l_blue_evb/arm-none-eabi/neuralspot/ns-nnsp/ns-nnsp.a(nn_speech.o)
                              build/apollo4l_blue_evb/arm-none-eabi/apps/demos/nnse_baremetal_ap4l/src/seCntrlClass.o (NNSPClass_init)
build/apollo4l_blue_evb/arm-none-eabi/neuralspot/ns-nnsp/ns-nnsp.a(nnid_class.o)
                              build/apollo4l_blue_evb/arm-none-eabi/neuralspot/ns-nnsp/ns-nnsp.a(nn_speech.o) (nnidClass_get_cos)
build/apollo4l_blue_evb/arm-none-eabi/neuralspot/ns-nnsp/ns-nnsp.a(spectrogram_module.o)
                              build/apollo4l_blue_evb/arm-none-eabi/neuralspot/ns-nnsp/ns-nnsp.a(nn_speech.o) (stftModule_synthesize_arm)
build/apollo4l_blue_evb/arm-none-eabi/neuralspot/ns-nnsp/ns-nnsp.a(window_stft_coef_w480_h160.o)
                              build/apollo4l_blue_evb/arm-none-eabi/apps/demos/nnse_baremetal_ap4l/src/def_nn3_se.o (stft_win_coeff_w480_h160)
build/apollo4l_blue_evb/arm-none-eabi/neuralspot/ns-nnsp/ns-nnsp.a(affine_acc32b.o)
                              build/apollo4l_blue_evb/arm-none-eabi/neuralspot/ns-nnsp/ns-nnsp.a(lstm.o) (rc_Krows_8x16_acc32b)
build/apollo4l_blue_evb/arm-none-eabi/neuralspot/ns-nnsp/ns-nnsp.a(feature_module.o)
                              build/apollo4l_blue_evb/arm-none-eabi/neuralspot/ns-nnsp/ns-nnsp.a(nn_speech.o) (FeatureClass_construct)
build/apollo4l_blue_evb/arm-none-eabi/neuralspot/ns-nnsp/ns-nnsp.a(fft_arm.o)
                              build/apollo4l_blue_evb/arm-none-eabi/neuralspot/ns-nnsp/ns-nnsp.a(spectrogram_module.o) (arm_fft_init)
build/apollo4l_blue_evb/arm-none-eabi/neuralspot/ns-nnsp/ns-nnsp.a(fixlog10.o)
                              build/apollo4l_blue_evb/arm-none-eabi/neuralspot/ns-nnsp/ns-nnsp.a(feature_module.o) (log10_vec)
build/apollo4l_blue_evb/arm-none-eabi/neuralspot/ns-nnsp/ns-nnsp.a(iir.o)
                              build/apollo4l_blue_evb/arm-none-eabi/neuralspot/ns-nnsp/ns-nnsp.a(nn_speech.o) (IIR_CLASS_init)
build/apollo4l_blue_evb/arm-none-eabi/neuralspot/ns-nnsp/ns-nnsp.a(melSpec_coeff_nfilt22_fftsize256.o)
                              build/apollo4l_blue_evb/arm-none-eabi/neuralspot/ns-nnsp/ns-nnsp.a(feature_module.o) (mfltrBank_coeff_nfilt22_fftsize256)
build/apollo4l_blue_evb/arm-none-eabi/neuralspot/ns-nnsp/ns-nnsp.a(melSpec_coeff_nfilt40_fftsize512.o)
                              build/apollo4l_blue_evb/arm-none-eabi/neuralspot/ns-nnsp/ns-nnsp.a(feature_module.o) (mfltrBank_coeff_nfilt40_fftsize512)
build/apollo4l_blue_evb/arm-none-eabi/neuralspot/ns-nnsp/ns-nnsp.a(melSpec_coeff_nfilt72_fftsize512.o)
                              build/apollo4l_blue_evb/arm-none-eabi/neuralspot/ns-nnsp/ns-nnsp.a(feature_module.o) (mfltrBank_coeff_nfilt72_fftsize512)
build/apollo4l_blue_evb/arm-none-eabi/neuralspot/ns-nnsp/ns-nnsp.a(melSpecProc.o)
                              build/apollo4l_blue_evb/arm-none-eabi/neuralspot/ns-nnsp/ns-nnsp.a(feature_module.o) (melSpecProc)
[...]
Memory Configuration

Name             Origin             Length             Attributes
MCU_MRAM         0x00018000         0x001e8000         xr
MCU_TCM          0x10000000         0x00060000         xrw
SHARED_SRAM      0x10060000         0x00100000         xrw
*default*        0x00000000         0xffffffff

Linker script and memory map


.text           0x00018000    0x42c94
                0x00018000                        . = ALIGN (0x4)
 *(.isr_vector)
 .isr_vector    0x00018000      0x190 build/apollo4l_blue_evb/arm-none-eabi/neuralspot/ns-core/ns-core.a(startup_gcc.o)
                0x00018000                g_am_pfnVectors
 *(.patch)
 .patch         0x00018190       0x70 build/apollo4l_blue_evb/arm-none-eabi/neuralspot/ns-core/ns-core.a(startup_gcc.o)
                0x00018190                __Patchable
 *(.text)
 .text          0x00018200      0x134 C:/msys64/mingw64/bin/../lib/gcc/arm-none-eabi/13.3.0/../../../../arm-none-eabi/lib/thumb/v7e-m+fp/hard\libc.a(libc_a-memcpy.o)
                0x00018200                memcpy
 .text          0x00018334       0xa4 C:/msys64/mingw64/bin/../lib/gcc/arm-none-eabi/13.3.0/../../../../arm-none-eabi/lib/thumb/v7e-m+fp/hard\libc.a(libc_a-memset.o)
                0x00018334                memset
 .text          0x000183d8       0x50 C:/msys64/mingw64/bin/../lib/gcc/arm-none-eabi/13.3.0/../../../../arm-none-eabi/lib/thumb/v7e-m+fp/hard\libc.a(libc_a-init.o)
                0x000183d8                __libc_init_array
 *fill*         0x00018428       0x18 
 .text          0x00018440       0xd8 C:/msys64/mingw64/bin/../lib/gcc/arm-none-eabi/13.3.0/../../../../arm-none-eabi/lib/thumb/v7e-m+fp/hard\libc.a(libc_a-strlen.o)
                0x00018440                strlen
 .text          0x00018518      0x378 C:/msys64/mingw64/bin/../lib/gcc/arm-none-eabi/13.3.0/thumb/v7e-m+fp/hard\libgcc.a(_arm_addsubdf3.o)
                0x00018518                __aeabi_drsub
                0x00018520                __aeabi_dsub
                0x00018520                __subdf3
                0x00018524                __aeabi_dadd
                0x00018524                __adddf3
                0x0001879c                __floatunsidf
                0x0001879c                __aeabi_ui2d
                0x000187bc                __floatsidf
                0x000187bc                __aeabi_i2d
                0x000187e0                __aeabi_f2d
                0x000187e0                __extendsfdf2
                0x00018824                __floatundidf
                0x00018824                __aeabi_ul2d
                0x00018834                __floatdidf
                0x00018834                __aeabi_l2d
 .text          0x00018890      0x424 C:/msys64/mingw64/bin/../lib/gcc/arm-none-eabi/13.3.0/thumb/v7e-m+fp/hard\libgcc.a(_arm_muldivdf3.o)
                0x00018890                __aeabi_dmul
                0x00018890                __muldf3
                0x00018ae4                __divdf3
                0x00018ae4                __aeabi_ddiv
 .text          0x00018cb4       0xa0 C:/msys64/mingw64/bin/../lib/gcc/arm-none-eabi/13.3.0/thumb/v7e-m+fp/hard\libgcc.a(_arm_truncdfsf2.o)
                0x00018cb4                __truncdfsf2
                0x00018cb4                __aeabi_d2f
 .text          0x00018d54       0x30 C:/msys64/mingw64/bin/../lib/gcc/arm-none-eabi/13.3.0/thumb/v7e-m+fp/hard\libgcc.a(_aeabi_uldivmod.o)
                0x00018d54                __aeabi_uldivmod
 .text          0x00018d84        0x4 C:/msys64/mingw64/bin/../lib/gcc/arm-none-eabi/13.3.0/thumb/v7e-m+fp/hard\libgcc.a(_dvmd_tls.o)
                0x00018d84                __aeabi_idiv0
                0x00018d84                __aeabi_ldiv0
 *(.text*)
 .text.am_pdm0_isr
                0x00018d88       0x40 build/apollo4l_blue_evb/arm-none-eabi/apps/demos/nnse_baremetal_ap4l/src/nnse_baremetal_ap4l.o
                0x00018d88                am_pdm0_isr
 .text.am_dspi2s0_isr
                0x00018dc8       0x30 build/apollo4l_blue_evb/arm-none-eabi/apps/demos/nnse_baremetal_ap4l/src/nnse_baremetal_ap4l.o
                0x00018dc8                am_dspi2s0_isr
 .text.pdm_init
                0x00018df8       0x90 build/apollo4l_blue_evb/arm-none-eabi/apps/demos/nnse_baremetal_ap4l/src/nnse_baremetal_ap4l.o
                0x00018df8                pdm_init
 .text.i2s_init
                0x00018e88       0x58 build/apollo4l_blue_evb/arm-none-eabi/apps/demos/nnse_baremetal_ap4l/src/nnse_baremetal_ap4l.o
                0x00018e88                i2s_init
 .text.init_audio_processing
                0x00018ee0       0x3c build/apollo4l_blue_evb/arm-none-eabi/apps/demos/nnse_baremetal_ap4l/src/nnse_baremetal_ap4l.o
                0x00018ee0                init_audio_processing
 .text.process_audio_frame
                0x00018f1c      0x1a4 build/apollo4l_blue_evb/arm-none-eabi/apps/demos/nnse_baremetal_ap4l/src/nnse_baremetal_ap4l.o
                0x00018f1c                process_audio_frame
 .text.startup.main
                0x000190c0       0xdc build/apollo4l_blue_evb/arm-none-eabi/apps/demos/nnse_baremetal_ap4l/src/nnse_baremetal_ap4l.o
                0x000190c0                main
 .text.seCntrlClass_init
                0x0001919c       0x54 build/apollo4l_blue_evb/arm-none-eabi/apps/demos/nnse_baremetal_ap4l/src/seCntrlClass.o
                0x0001919c                seCntrlClass_init
 .text.seCntrlClass_reset
                0x000191f0        0x8 build/apollo4l_blue_evb/arm-none-eabi/apps/demos/nnse_baremetal_ap4l/src/seCntrlClass.o
                0x000191f0                seCntrlClass_reset
 .text.seCntrlClass_exec
                0x000191f8       0x1c build/apollo4l_blue_evb/arm-none-eabi/apps/demos/nnse_baremetal_ap4l/src/seCntrlClass.o
                0x000191f8                seCntrlClass_exec
 .text.NMI_Handler
                0x00019214        0x4 build/apollo4l_blue_evb/arm-none-eabi/neuralspot/ns-core/ns-core.a(startup_gcc.o)
                0x00019214                NMI_Handler
 .text.HardFault_Handler
                0x00019218        0x4 build/apollo4l_blue_evb/arm-none-eabi/neuralspot/ns-core/ns-core.a(startup_gcc.o)
                0x00019218                UsageFault_Handler
                0x00019218                MemManage_Handler
                0x00019218                BusFault_Handler
                0x00019218                HardFault_Handler
 .text.am_default_isr
                0x0001921c        0x4 build/apollo4l_blue_evb/arm-none-eabi/neuralspot/ns-core/ns-core.a(startup_gcc.o)
                0x0001921c                am_timer08_isr
                0x0001921c                DebugMon_Handler
                0x0001921c                am_iomaster4_isr
                0x0001921c                am_gpio1_203f_isr
                0x0001921c                am_timer00_isr
                0x0001921c                am_dspi2s1_isr
                0x0001921c                SysTick_Handler
                0x0001921c                PendSV_Handler
                0x0001921c                am_rtc_isr
                0x0001921c                am_stimer_cmpr3_isr
                0x0001921c                am_adc_isr
                0x0001921c                am_dspi2s3_isr
                0x0001921c                am_iomaster3_isr
                0x0001921c                am_clkgen_isr
                0x0001921c                am_stimerof_isr
                0x0001921c                am_timer14_isr
                0x0001921c                am_pdm3_isr
                0x0001921c                am_cachecpu_isr
                0x0001921c                am_stimer_cmpr5_isr
                0x0001921c                am_iomaster5_isr
                0x0001921c                am_uart_isr
                0x0001921c                am_ctimer_isr
                0x0001921c                am_gpio0_607f_isr
                0x0001921c                am_gpio1_607f_isr
                0x0001921c                am_dsi_isr
                0x0001921c                am_timer01_isr
                0x0001921c                am_gpio0_203f_isr
                0x0001921c                am_disp_isr
                0x0001921c                am_audadc0_isr
                0x0001921c                am_pdm1_isr
                0x0001921c                am_ioslave_acc_isr
                0x0001921c                am_mspi0_isr
                0x0001921c                am_timer10_isr
                0x0001921c                am_timer05_isr
                0x0001921c                am_usb_isr
                0x0001921c                am_stimer_cmpr6_isr
                0x0001921c                am_gpio1_405f_isr
                0x0001921c                am_iomaster7_isr
                0x0001921c                am_iomaster1_isr
                0x0001921c                am_timer06_isr
                0x0001921c                am_timer03_isr
                0x0001921c                am_brownout_isr
                0x0001921c                am_timer13_isr
                0x0001921c                am_vcomp_isr
                0x0001921c                am_stimer_cmpr1_isr
                0x0001921c                am_timer07_isr
                0x0001921c                am_cryptosec_isr
                0x0001921c                am_uart2_isr
                0x0001921c                am_iomaster2_isr
                0x0001921c                am_mspi2_isr
                0x0001921c                SVC_Handler
                0x0001921c                am_iomaster6_isr
                0x0001921c                am_timer11_isr
                0x0001921c                am_stimer_cmpr2_isr
                0x0001921c                am_ioslave_ios_isr
                0x0001921c                am_gpio0_405f_isr
                0x0001921c                am_timer15_isr
                0x0001921c                am_mspi1_isr
                0x0001921c                am_gpio1_001f_isr
                0x0001921c                am_uart1_isr
                0x0001921c                am_stimer_cmpr7_isr
                0x0001921c                am_dspi2s2_isr
                0x0001921c                am_uart3_isr
                0x0001921c                am_watchdog_isr
                0x0001921c                am_stimer_cmpr0_isr
                0x0001921c                am_sdio_isr
                0x0001921c                am_timer12_isr
                0x0001921c                am_iomaster0_isr
                0x0001921c                am_timer04_isr
                0x0001921c                am_stimer_cmpr4_isr
                0x0001921c                am_timer09_isr
                0x0001921c                am_default_isr
                0x0001921c                am_pdm2_isr
                0x0001921c                am_gpu_isr
                0x0001921c                am_timer02_isr
 .text.Reset_Handler
                0x00019220       0xa4 build/apollo4l_blue_evb/arm-none-eabi/neuralspot/ns-core/ns-core.a(startup_gcc.o)
                0x00019220                Reset_Handler
 .text._init    0x000192c4        0x4 build/apollo4l_blue_evb/arm-none-eabi/neuralspot/ns-core/ns-core.a(startup_gcc.o)
                0x000192c4                _init
 .text._fini    0x000192c8        0x4 build/apollo4l_blue_evb/arm-none-eabi/neuralspot/ns-core/ns-core.a(startup_gcc.o)
                0x000192c8                _fini
 .text.ns_button_0_handler
                0x000192cc       0x10 build/apollo4l_blue_evb/arm-none-eabi/neuralspot/ns-peripherals/ns-peripherals.a(ns_button.o)
                0x000192cc                ns_button_0_handler
 .text.ns_button_1_handler
                0x000192dc       0x10 build/apollo4l_blue_evb/arm-none-eabi/neuralspot/ns-peripherals/ns-peripherals.a(ns_button.o)
                0x000192dc                ns_button_1_handler
 .text.ns_joulescope_trigger_handler
                0x000192ec       0x10 build/apollo4l_blue_evb/arm-none-eabi/neuralspot/ns-peripherals/ns-peripherals.a(ns_button.o)
                0x000192ec                ns_joulescope_trigger_handler
 .text.ns_peripheral_button_init
                0x000192fc       0x2c build/apollo4l_blue_evb/arm-none-eabi/neuralspot/ns-peripherals/ns-peripherals.a(ns_button.o)
                0x000192fc                ns_peripheral_button_init
 .text.am_gpio0_001f_isr
                0x00019328       0x34 build/apollo4l_blue_evb/arm-none-eabi/neuralspot/ns-peripherals/ns-peripherals.a(ns_button.o)
                0x00019328                am_gpio0_001f_isr
 .text.ns_button_platform_init
                0x0001935c      0x154 build/apollo4l_blue_evb/arm-none-eabi/neuralspot/ns-peripherals/ns-peripherals.a(ns_button.o)
                0x0001935c                ns_button_platform_init
 .text._PrintUnsigned
                0x000194b0      0x1a0 build/apollo4l_blue_evb/arm-none-eabi/neuralspot/ns-audio/ns-audio.a(SEGGER_RTT_printf.o)
 .text.SEGGER_RTT_vprintf
                0x00019650      0x53c build/apollo4l_blue_evb/arm-none-eabi/neuralspot/ns-audio/ns-audio.a(SEGGER_RTT_printf.o)
                0x00019650                SEGGER_RTT_vprintf
 .text.SEGGER_RTT_printf
                0x00019b8c       0x20 build/apollo4l_blue_evb/arm-none-eabi/neuralspot/ns-audio/ns-audio.a(SEGGER_RTT_printf.o)
                0x00019b8c                SEGGER_RTT_printf
 .text.SEGGER_RTT_Write
                0x00019bac      0x23c build/apollo4l_blue_evb/arm-none-eabi/neuralspot/ns-audio/ns-audio.a(SEGGER_RTT.o)
                0x00019bac                SEGGER_RTT_Write
 .text.tanh_fix
                0x00019de8       0xa4 build/apollo4l_blue_evb/arm-none-eabi/neuralspot/ns-nnsp/ns-nnsp.a(activation.o)
                0x00019de8                tanh_fix
 .text.sigmoid_fix
                0x00019e8c       0x94 build/apollo4l_blue_evb/arm-none-eabi/neuralspot/ns-nnsp/ns-nnsp.a(activation.o)
                0x00019e8c                sigmoid_fix
 .text.affine_Krows_8x16
                0x00019f20      0x808 build/apollo4l_blue_evb/arm-none-eabi/neuralspot/ns-nnsp/ns-nnsp.a(affine.o)
                0x00019f20                affine_Krows_8x16
 .text.rc_Krows_8x16
                0x0001a728      0x608 build/apollo4l_blue_evb/arm-none-eabi/neuralspot/ns-nnsp/ns-nnsp.a(affine.o)
                0x0001a728                rc_Krows_8x16
 .text.fc_8x16  0x0001ad30      0x8bc build/apollo4l_blue_evb/arm-none-eabi/neuralspot/ns-nnsp/ns-nnsp.a(affine.o)
                0x0001ad30                fc_8x16
 .text.lstm_8x16
                0x0001b5ec      0x68c build/apollo4l_blue_evb/arm-none-eabi/neuralspot/ns-nnsp/ns-nnsp.a(lstm.o)
                0x0001b5ec                lstm_8x16
 .text.NNSPClass_init
                0x0001bc78       0x84 build/apollo4l_blue_evb/arm-none-eabi/neuralspot/ns-nnsp/ns-nnsp.a(nn_speech.o)
                0x0001bc78                NNSPClass_init
 .text.NNSPClass_reset
                0x0001bcfc       0x30 build/apollo4l_blue_evb/arm-none-eabi/neuralspot/ns-nnsp/ns-nnsp.a(nn_speech.o)
                0x0001bcfc                NNSPClass_reset
 .text.se_post_proc
                0x0001bd2c       0x94 build/apollo4l_blue_evb/arm-none-eabi/neuralspot/ns-nnsp/ns-nnsp.a(nn_speech.o)
                0x0001bd2c                se_post_proc
 .text.s2i_post_proc
                0x0001bdc0      0x238 build/apollo4l_blue_evb/arm-none-eabi/neuralspot/ns-nnsp/ns-nnsp.a(nn_speech.o)
                0x0001bdc0                s2i_post_proc
 .text.binary_post_proc
                0x0001bff8      0x168 build/apollo4l_blue_evb/arm-none-eabi/neuralspot/ns-nnsp/ns-nnsp.a(nn_speech.o)
                0x0001bff8                binary_post_proc
 .text.NNSPClass_exec
                0x0001c160      0x10c build/apollo4l_blue_evb/arm-none-eabi/neuralspot/ns-nnsp/ns-nnsp.a(nn_speech.o)
                0x0001c160                NNSPClass_exec
 *fill*         0x0001c26c        0x4 
 .text.nnidClass_get_cos
                0x0001c270      0x168 build/apollo4l_blue_evb/arm-none-eabi/neuralspot/ns-nnsp/ns-nnsp.a(nnid_class.o)
                0x0001c270                nnidClass_get_cos
 .text.stftModule_construct
                0x0001c3d8       0x44 build/apollo4l_blue_evb/arm-none-eabi/neuralspot/ns-nnsp/ns-nnsp.a(spectrogram_module.o)
                0x0001c3d8                stftModule_construct
 .text.stftModule_setDefault
                0x0001c41c       0x34 build/apollo4l_blue_evb/arm-none-eabi/neuralspot/ns-nnsp/ns-nnsp.a(spectrogram_module.o)
                0x0001c41c                stftModule_setDefault
 .text.spec2pspec_arm
                0x0001c450       0x88 build/apollo4l_blue_evb/arm-none-eabi/neuralspot/ns-nnsp/ns-nnsp.a(spectrogram_module.o)
                0x0001c450                spec2pspec_arm
 .text.stftModule_analyze_arm
                0x0001c4d8       0xcc build/apollo4l_blue_evb/arm-none-eabi/neuralspot/ns-nnsp/ns-nnsp.a(spectrogram_module.o)
                0x0001c4d8                stftModule_analyze_arm
 .text.stftModule_synthesize_arm
                0x0001c5a4      0x14c build/apollo4l_blue_evb/arm-none-eabi/neuralspot/ns-nnsp/ns-nnsp.a(spectrogram_module.o)
                0x0001c5a4                stftModule_synthesize_arm
 .text.FeatureClass_construct
                0x0001c6f0       0x90 build/apollo4l_blue_evb/arm-none-eabi/neuralspot/ns-nnsp/ns-nnsp.a(feature_module.o)
                0x0001c6f0                FeatureClass_construct
 .text.FeatureClass_setDefault
                0x0001c780       0xb0 build/apollo4l_blue_evb/arm-none-eabi/neuralspot/ns-nnsp/ns-nnsp.a(feature_module.o)
                0x0001c780                FeatureClass_setDefault
 .text.FeatureClass_execute
                0x0001c830      0x198 build/apollo4l_blue_evb/arm-none-eabi/neuralspot/ns-nnsp/ns-nnsp.a(feature_module.o)
                0x0001c830                FeatureClass_execute
 .text.arm_fft_init
                0x0001c9c8        0xc build/apollo4l_blue_evb/arm-none-eabi/neuralspot/ns-nnsp/ns-nnsp.a(fft_arm.o)
                0x0001c9c8                arm_fft_init
 .text.arm_fft_exec
                0x0001c9d4        0xc build/apollo4l_blue_evb/arm-none-eabi/neuralspot/ns-nnsp/ns-nnsp.a(fft_arm.o)
                0x0001c9d4                arm_fft_exec
 .text.my_log10
                0x0001c9e0       0x94 build/apollo4l_blue_evb/arm-none-eabi/neuralspot/ns-nnsp/ns-nnsp.a(fixlog10.o)
                0x0001c9e0                my_log10
 .text.log10_vec
                0x0001ca74       0x34 build/apollo4l_blue_evb/arm-none-eabi/neuralspot/ns-nnsp/ns-nnsp.a(fixlog10.o)
                0x0001ca74                log10_vec
 .text.IIR_CLASS_init
                0x0001caa8        0xc build/apollo4l_blue_evb/arm-none-eabi/neuralspot/ns-nnsp/ns-nnsp.a(iir.o)
                0x0001caa8                IIR_CLASS_init
 .text.IIR_CLASS_reset
                0x0001cab4        0x8 build/apollo4l_blue_evb/arm-none-eabi/neuralspot/ns-nnsp/ns-nnsp.a(iir.o)
                0x0001cab4                IIR_CLASS_reset
 .text.IIR_CLASS_exec
                0x0001cabc       0xa0 build/apollo4l_blue_evb/arm-none-eabi/neuralspot/ns-nnsp/ns-nnsp.a(iir.o)
                0x0001cabc                IIR_CLASS_exec
 .text.melSpecProc
                0x0001cb5c       0x94 build/apollo4l_blue_evb/arm-none-eabi/neuralspot/ns-nnsp/ns-nnsp.a(melSpecProc.o)
                0x0001cb5c                melSpecProc
 .text.NeuralNetClass_init
                0x0001cbf0        0x4 build/apollo4l_blue_evb/arm-none-eabi/neuralspot/ns-nnsp/ns-nnsp.a(neural_nets.o)
                0x0001cbf0                NeuralNetClass_init
 .text.NeuralNetClass_setDefault
                0x0001cbf4       0x64 build/apollo4l_blue_evb/arm-none-eabi/neuralspot/ns-nnsp/ns-nnsp.a(neural_nets.o)
                0x0001cbf4                NeuralNetClass_setDefault
 .text.NeuralNetClass_exe
                0x0001cc58      0x188 build/apollo4l_blue_evb/arm-none-eabi/neuralspot/ns-nnsp/ns-nnsp.a(neural_nets.o)
                0x0001cc58                NeuralNetClass_exe
 .text.am_util_delay_ms
                0x0001cde0        0xc build/apollo4l_blue_evb/arm-none-eabi/extern/AmbiqSuite/R4.5.0/ambiqsuite.a(am_util_delay.o)
                0x0001cde0                am_util_delay_ms
 .text.am_util_delay_us
                0x0001cdec        0x4 build/apollo4l_blue_evb/arm-none-eabi/extern/AmbiqSuite/R4.5.0/ambiqsuite.a(am_util_delay.o)
                0x0001cdec                am_util_delay_us
 .text.divu64_10
                0x0001cdf0       0xb8 build/apollo4l_blue_evb/arm-none-eabi/extern/AmbiqSuite/R4.5.0/ambiqsuite.a(am_util_stdio.o)
 .text.uint64_to_str
                0x0001cea8      0x100 build/apollo4l_blue_evb/arm-none-eabi/extern/AmbiqSuite/R4.5.0/ambiqsuite.a(am_util_stdio.o)
 .text.am_util_stdio_printf_init
                0x0001cfa8        0xc build/apollo4l_blue_evb/arm-none-eabi/extern/AmbiqSuite/R4.5.0/ambiqsuite.a(am_util_stdio.o)
                0x0001cfa8                am_util_stdio_printf_init
 .text.am_util_stdio_vsprintf
                0x0001cfb4      0x8e0 build/apollo4l_blue_evb/arm-none-eabi/extern/AmbiqSuite/R4.5.0/ambiqsuite.a(am_util_stdio.o)
                0x0001cfb4                am_util_stdio_vsprintf
 .text.am_util_stdio_printf
                0x0001d894       0x34 build/apollo4l_blue_evb/arm-none-eabi/extern/AmbiqSuite/R4.5.0/ambiqsuite.a(am_util_stdio.o)
                0x0001d894                am_util_stdio_printf
 .text.am_util_stdio_terminal_clear
                0x0001d8c8        0xc build/apollo4l_blue_evb/arm-none-eabi/extern/AmbiqSuite/R4.5.0/ambiqsuite.a(am_util_stdio.o)
                0x0001d8c8                am_util_stdio_terminal_clear
 .text.am_hal_clkgen_control
                0x0001d8d4      0x288 extern/AmbiqSuite/R4.5.0/lib/apollo4l/libam_hal.a(am_hal_clkgen.o)
                0x0001d8d4                am_hal_clkgen_control
 .text.am_hal_gpio_pinconfig
                0x0001db5c       0x88 extern/AmbiqSuite/R4.5.0/lib/apollo4l/libam_hal.a(am_hal_gpio.o)
                0x0001db5c                am_hal_gpio_pinconfig
 .text.am_hal_gpio_state_write
                0x0001dbe4      0x110 extern/AmbiqSuite/R4.5.0/lib/apollo4l/libam_hal.a(am_hal_gpio.o)
                0x0001dbe4                am_hal_gpio_state_write
 .text.am_hal_gpio_interrupt_control
                0x0001dcf4      0x1a4 extern/AmbiqSuite/R4.5.0/lib/apollo4l/libam_hal.a(am_hal_gpio.o)
                0x0001dcf4                am_hal_gpio_interrupt_control
 .text.am_hal_gpio_interrupt_irq_status_get
                0x0001de98       0x60 extern/AmbiqSuite/R4.5.0/lib/apollo4l/libam_hal.a(am_hal_gpio.o)
                0x0001de98                am_hal_gpio_interrupt_irq_status_get
 .text.am_hal_gpio_interrupt_irq_clear
                0x0001def8       0x1c extern/AmbiqSuite/R4.5.0/lib/apollo4l/libam_hal.a(am_hal_gpio.o)
                0x0001def8                am_hal_gpio_interrupt_irq_clear
 .text.am_hal_gpio_interrupt_register
                0x0001df14       0x78 extern/AmbiqSuite/R4.5.0/lib/apollo4l/libam_hal.a(am_hal_gpio.o)
                0x0001df14                am_hal_gpio_interrupt_register
 .text.am_hal_gpio_interrupt_service
                0x0001df8c       0x70 extern/AmbiqSuite/R4.5.0/lib/apollo4l/libam_hal.a(am_hal_gpio.o)
                0x0001df8c                am_hal_gpio_interrupt_service
 .text.am_hal_i2s_initialize
                0x0001dffc       0x3c extern/AmbiqSuite/R4.5.0/lib/apollo4l/libam_hal.a(am_hal_i2s.o)
                0x0001dffc                am_hal_i2s_initialize
 .text.am_hal_i2s_configure
                0x0001e038      0x204 extern/AmbiqSuite/R4.5.0/lib/apollo4l/libam_hal.a(am_hal_i2s.o)
                0x0001e038                am_hal_i2s_configure
 .text.am_hal_i2s_dma_transfer_start
                0x0001e23c       0xb0 extern/AmbiqSuite/R4.5.0/lib/apollo4l/libam_hal.a(am_hal_i2s.o)
                0x0001e23c                am_hal_i2s_dma_transfer_start
 .text.am_hal_i2s_dma_transfer_continue
                0x0001e2ec       0xd4 extern/AmbiqSuite/R4.5.0/lib/apollo4l/libam_hal.a(am_hal_i2s.o)
                0x0001e2ec                am_hal_i2s_dma_transfer_continue
 .text.am_hal_i2s_power_control
                0x0001e3c0       0xbc extern/AmbiqSuite/R4.5.0/lib/apollo4l/libam_hal.a(am_hal_i2s.o)
                0x0001e3c0                am_hal_i2s_power_control
 .text.am_hal_i2s_interrupt_clear
                0x0001e47c       0x20 extern/AmbiqSuite/R4.5.0/lib/apollo4l/libam_hal.a(am_hal_i2s.o)
                0x0001e47c                am_hal_i2s_interrupt_clear
 .text.am_hal_i2s_interrupt_status_get
                0x0001e49c       0x44 extern/AmbiqSuite/R4.5.0/lib/apollo4l/libam_hal.a(am_hal_i2s.o)
                0x0001e49c                am_hal_i2s_interrupt_status_get
 .text.am_hal_i2s_interrupt_service
                0x0001e4e0      0x1a4 extern/AmbiqSuite/R4.5.0/lib/apollo4l/libam_hal.a(am_hal_i2s.o)
                0x0001e4e0                am_hal_i2s_interrupt_service
 .text.am_hal_i2s_dma_configure
                0x0001e684       0xb8 extern/AmbiqSuite/R4.5.0/lib/apollo4l/libam_hal.a(am_hal_i2s.o)
                0x0001e684                am_hal_i2s_dma_configure
 .text.am_hal_i2s_enable
                0x0001e73c       0x28 extern/AmbiqSuite/R4.5.0/lib/apollo4l/libam_hal.a(am_hal_i2s.o)
                0x0001e73c                am_hal_i2s_enable
 .text.am_hal_interrupt_master_enable
                0x0001e764        0x8 extern/AmbiqSuite/R4.5.0/lib/apollo4l/libam_hal.a(am_hal_interrupt.o)
                0x0001e764                am_hal_interrupt_master_enable
 .text.am_hal_interrupt_master_disable
                0x0001e76c        0x8 extern/AmbiqSuite/R4.5.0/lib/apollo4l/libam_hal.a(am_hal_interrupt.o)
                0x0001e76c                am_hal_interrupt_master_disable
 .text.am_hal_interrupt_master_set
                0x0001e774        0x8 extern/AmbiqSuite/R4.5.0/lib/apollo4l/libam_hal.a(am_hal_interrupt.o)
                0x0001e774                am_hal_interrupt_master_set
 .text.am_hal_mcuctrl_control
                0x0001e77c      0x314 extern/AmbiqSuite/R4.5.0/lib/apollo4l/libam_hal.a(am_hal_mcuctrl.o)
                0x0001e77c                am_hal_mcuctrl_control
 .text.am_hal_pdm_initialize
                0x0001ea90       0x44 extern/AmbiqSuite/R4.5.0/lib/apollo4l/libam_hal.a(am_hal_pdm.o)
                0x0001ea90                am_hal_pdm_initialize
 .text.am_hal_pdm_power_control
                0x0001ead4       0x7c extern/AmbiqSuite/R4.5.0/lib/apollo4l/libam_hal.a(am_hal_pdm.o)
                0x0001ead4                am_hal_pdm_power_control
 .text.am_hal_pdm_configure
                0x0001eb50       0xd4 extern/AmbiqSuite/R4.5.0/lib/apollo4l/libam_hal.a(am_hal_pdm.o)
                0x0001eb50                am_hal_pdm_configure
 .text.am_hal_pdm_enable
                0x0001ec24       0x48 extern/AmbiqSuite/R4.5.0/lib/apollo4l/libam_hal.a(am_hal_pdm.o)
                0x0001ec24                am_hal_pdm_enable
 .text.am_hal_pdm_dma_start
                0x0001ec6c       0xa0 extern/AmbiqSuite/R4.5.0/lib/apollo4l/libam_hal.a(am_hal_pdm.o)
                0x0001ec6c                am_hal_pdm_dma_start
 .text.am_hal_pdm_fifo_threshold_setup
                0x0001ed0c       0x24 extern/AmbiqSuite/R4.5.0/lib/apollo4l/libam_hal.a(am_hal_pdm.o)
                0x0001ed0c                am_hal_pdm_fifo_threshold_setup
 .text.am_hal_pdm_interrupt_service
                0x0001ed30       0x60 extern/AmbiqSuite/R4.5.0/lib/apollo4l/libam_hal.a(am_hal_pdm.o)
                0x0001ed30                am_hal_pdm_interrupt_service
 .text.am_hal_pdm_interrupt_enable
                0x0001ed90       0x2c extern/AmbiqSuite/R4.5.0/lib/apollo4l/libam_hal.a(am_hal_pdm.o)
                0x0001ed90                am_hal_pdm_interrupt_enable
 .text.am_hal_pdm_interrupt_clear
                0x0001edbc       0x24 extern/AmbiqSuite/R4.5.0/lib/apollo4l/libam_hal.a(am_hal_pdm.o)
                0x0001edbc                am_hal_pdm_interrupt_clear
 .text.am_hal_pdm_interrupt_status_get
                0x0001ede0       0x3c extern/AmbiqSuite/R4.5.0/lib/apollo4l/libam_hal.a(am_hal_pdm.o)
                0x0001ede0                am_hal_pdm_interrupt_status_get
 .text.am_hal_pdm_dma_get_buffer
                0x0001ee1c       0x18 extern/AmbiqSuite/R4.5.0/lib/apollo4l/libam_hal.a(am_hal_pdm.o)
                0x0001ee1c                am_hal_pdm_dma_get_buffer
 .text.am_hal_pwrctrl_sram_config
                0x0001ee34       0xbc extern/AmbiqSuite/R4.5.0/lib/apollo4l/libam_hal.a(am_hal_pwrctrl.o)
                0x0001ee34                am_hal_pwrctrl_sram_config
 .text.am_hal_pwrctrl_periph_enable
                0x0001eef0      0x1d4 extern/AmbiqSuite/R4.5.0/lib/apollo4l/libam_hal.a(am_hal_pwrctrl.o)
                0x0001eef0                am_hal_pwrctrl_periph_enable
 .text.am_hal_pwrctrl_periph_disable
                0x0001f0c4      0x19c extern/AmbiqSuite/R4.5.0/lib/apollo4l/libam_hal.a(am_hal_pwrctrl.o)
                0x0001f0c4                am_hal_pwrctrl_periph_disable
 .text.am_hal_pwrctrl_low_power_init
                0x0001f260      0x1bc extern/AmbiqSuite/R4.5.0/lib/apollo4l/libam_hal.a(am_hal_pwrctrl.o)
                0x0001f260                am_hal_pwrctrl_low_power_init
 .text.buck_ldo_override_init
                0x0001f41c       0xac extern/AmbiqSuite/R4.5.0/lib/apollo4l/libam_hal.a(am_hal_pwrctrl.o)
                0x0001f41c                buck_ldo_override_init
 .text.am_hal_pwrctrl_control
                0x0001f4c8      0x234 extern/AmbiqSuite/R4.5.0/lib/apollo4l/libam_hal.a(am_hal_pwrctrl.o)
                0x0001f4c8                am_hal_pwrctrl_control
 .text.am_hal_delay_us
                0x0001f6fc       0x30 extern/AmbiqSuite/R4.5.0/lib/apollo4l/libam_hal.a(am_hal_utils.o)
                0x0001f6fc                am_hal_delay_us
 .text.am_hal_delay_us_status_change
                0x0001f72c       0x58 extern/AmbiqSuite/R4.5.0/lib/apollo4l/libam_hal.a(am_hal_utils.o)
                0x0001f72c                am_hal_delay_us_status_change
 .text.am_hal_delay_us_status_check
                0x0001f784       0x7c extern/AmbiqSuite/R4.5.0/lib/apollo4l/libam_hal.a(am_hal_utils.o)
                0x0001f784                am_hal_delay_us_status_check
 .text.am_hal_daxi_config
                0x0001f800       0x98 extern/AmbiqSuite/R4.5.0/lib/apollo4l/libam_hal.a(am_hal_cachectrl.o)
                0x0001f800                am_hal_daxi_config
 .text.am_hal_daxi_control
                0x0001f898       0xd4 extern/AmbiqSuite/R4.5.0/lib/apollo4l/libam_hal.a(am_hal_cachectrl.o)
                0x0001f898                am_hal_daxi_control
 .text.am_gpu_power_enable
                0x0001f96c        0x4 extern/AmbiqSuite/R4.5.0/lib/apollo4l/libam_hal.a(am_hal_global.o)
                0x0001f96c                am_gpu_power_enable
 .text.am_hal_mram_info_read
                0x0001f970       0x64 extern/AmbiqSuite/R4.5.0/lib/apollo4l/libam_hal.a(am_hal_mram.o)
                0x0001f970                am_hal_mram_info_read
 .text.am_bsp_low_power_init
                0x0001f9d4       0x2c extern/AmbiqSuite/R4.5.0/lib/apollo4l/blue_evb/libam_bsp.a(am_bsp.o)
                0x0001f9d4                am_bsp_low_power_init
 .text.am_bsp_itm_printf_enable
                0x0001fa00       0xd4 extern/AmbiqSuite/R4.5.0/lib/apollo4l/blue_evb/libam_bsp.a(am_bsp.o)
                0x0001fa00                am_bsp_itm_printf_enable
 .text.am_bsp_i2s_pins_enable
                0x0001fad4       0x6c extern/AmbiqSuite/R4.5.0/lib/apollo4l/blue_evb/libam_bsp.a(am_bsp.o)
                0x0001fad4                am_bsp_i2s_pins_enable
 .text.am_bsp_pdm_pins_enable
                0x0001fb40       0x28 extern/AmbiqSuite/R4.5.0/lib/apollo4l/blue_evb/libam_bsp.a(am_bsp.o)
                0x0001fb40                am_bsp_pdm_pins_enable
 .text.arm_radix4_butterfly_inverse_q31.constprop.0
                0x0001fb68      0x378 extern/CMSIS/CMSIS-DSP-1.16.2/lib/libCMSISDSP-m4-gcc.a(TransformFunctions.c.o)
 .text.arm_radix4_butterfly_q31.constprop.0
                0x0001fee0      0x380 extern/CMSIS/CMSIS-DSP-1.16.2/lib/libCMSISDSP-m4-gcc.a(TransformFunctions.c.o)
 .text.arm_cfft_radix4by2_q31
                0x00020260      0x10c extern/CMSIS/CMSIS-DSP-1.16.2/lib/libCMSISDSP-m4-gcc.a(TransformFunctions.c.o)
                0x00020260                arm_cfft_radix4by2_q31
 .text.arm_cfft_radix4by2_inverse_q31
                0x0002036c      0x10c extern/CMSIS/CMSIS-DSP-1.16.2/lib/libCMSISDSP-m4-gcc.a(TransformFunctions.c.o)
                0x0002036c                arm_cfft_radix4by2_inverse_q31
 .text.arm_radix4_butterfly_q31
                0x00020478      0x4f4 extern/CMSIS/CMSIS-DSP-1.16.2/lib/libCMSISDSP-m4-gcc.a(TransformFunctions.c.o)
                0x00020478                arm_radix4_butterfly_q31
 .text.arm_radix4_butterfly_inverse_q31
                0x0002096c      0x4dc extern/CMSIS/CMSIS-DSP-1.16.2/lib/libCMSISDSP-m4-gcc.a(TransformFunctions.c.o)
                0x0002096c                arm_radix4_butterfly_inverse_q31
 .text.arm_cfft_q31
                0x00020e48      0x114 extern/CMSIS/CMSIS-DSP-1.16.2/lib/libCMSISDSP-m4-gcc.a(TransformFunctions.c.o)
                0x00020e48                arm_cfft_q31
 .text.arm_split_rfft_q31
                0x00020f5c      0x23c extern/CMSIS/CMSIS-DSP-1.16.2/lib/libCMSISDSP-m4-gcc.a(TransformFunctions.c.o)
                0x00020f5c                arm_split_rfft_q31
 .text.arm_split_rifft_q31
                0x00021198      0x1d8 extern/CMSIS/CMSIS-DSP-1.16.2/lib/libCMSISDSP-m4-gcc.a(TransformFunctions.c.o)
                0x00021198                arm_split_rifft_q31
 .text.arm_rfft_q31
                0x00021370      0x11c extern/CMSIS/CMSIS-DSP-1.16.2/lib/libCMSISDSP-m4-gcc.a(TransformFunctions.c.o)
                0x00021370                arm_rfft_q31
 .text.arm_rfft_init_q31
                0x0002148c       0xfc extern/CMSIS/CMSIS-DSP-1.16.2/lib/libCMSISDSP-m4-gcc.a(TransformFunctions.c.o)
                0x0002148c                arm_rfft_init_q31
 .text.arm_shift_q31
                0x00021588       0x6c extern/CMSIS/CMSIS-DSP-1.16.2/lib/libCMSISDSP-m4-gcc.a(BasicMathFunctions.c.o)
                0x00021588                arm_shift_q31
 .text.__udivmoddi4
                0x000215f4      0x2a0 C:/msys64/mingw64/bin/../lib/gcc/arm-none-eabi/13.3.0/thumb/v7e-m+fp/hard\libgcc.a(_udivmoddi4.o)
                0x000215f4                __udivmoddi4
 .text.ns_core_check_api
                0x00021894       0x58 build/apollo4l_blue_evb/arm-none-eabi/neuralspot/ns-core/ns-core.a(ns_core.o)
                0x00021894                ns_core_check_api
 .text.am_hal_dcu_get
                0x000218ec       0x84 extern/AmbiqSuite/R4.5.0/lib/apollo4l/libam_hal.a(am_hal_dcu.o)
                0x000218ec                am_hal_dcu_get
 .text.am_hal_dcu_update
                0x00021970       0xbc extern/AmbiqSuite/R4.5.0/lib/apollo4l/libam_hal.a(am_hal_dcu.o)
                0x00021970                am_hal_dcu_update
 .text.am_hal_itm_enable
                0x00021a2c       0x48 extern/AmbiqSuite/R4.5.0/lib/apollo4l/libam_hal.a(am_hal_itm.o)
                0x00021a2c                am_hal_itm_enable
 .text.am_hal_itm_print
                0x00021a74       0x30 extern/AmbiqSuite/R4.5.0/lib/apollo4l/libam_hal.a(am_hal_itm.o)
                0x00021a74                am_hal_itm_print
 .text.am_hal_rtc_osc_disable
                0x00021aa4       0x14 extern/AmbiqSuite/R4.5.0/lib/apollo4l/libam_hal.a(am_hal_rtc.o)
                0x00021aa4                am_hal_rtc_osc_disable
 .text.am_hal_tpiu_enable
                0x00021ab8       0x70 extern/AmbiqSuite/R4.5.0/lib/apollo4l/libam_hal.a(am_hal_tpiu.o)
                0x00021ab8                am_hal_tpiu_enable
 *(.rodata)
 *(.rodata*)
 .rodata.se_bias3
                0x00021b28      0x1fe build/apollo4l_blue_evb/arm-none-eabi/apps/demos/nnse_baremetal_ap4l/src/def_nn3_se.o
                0x00021b28                se_bias3
 *fill*         0x00021d26        0x2 
 .rodata.se_kernel3
                0x00021d28     0x47b8 build/apollo4l_blue_evb/arm-none-eabi/apps/demos/nnse_baremetal_ap4l/src/def_nn3_se.o
                0x00021d28                se_kernel3
 .rodata.se_bias2
                0x000264e0       0x90 build/apollo4l_blue_evb/arm-none-eabi/apps/demos/nnse_baremetal_ap4l/src/def_nn3_se.o
                0x000264e0                se_bias2
 .rodata.se_kernel2
                0x00026570     0x1440 build/apollo4l_blue_evb/arm-none-eabi/apps/demos/nnse_baremetal_ap4l/src/def_nn3_se.o
                0x00026570                se_kernel2
 .rodata.se_bias1
                0x000279b0      0x240 build/apollo4l_blue_evb/arm-none-eabi/apps/demos/nnse_baremetal_ap4l/src/def_nn3_se.o
                0x000279b0                se_bias1
 .rodata.se_kernel_rec1
                0x00027bf0     0x5100 build/apollo4l_blue_evb/arm-none-eabi/apps/demos/nnse_baremetal_ap4l/src/def_nn3_se.o
                0x00027bf0                se_kernel_rec1
 .rodata.se_kernel1
                0x0002ccf0     0x5100 build/apollo4l_blue_evb/arm-none-eabi/apps/demos/nnse_baremetal_ap4l/src/def_nn3_se.o
                0x0002ccf0                se_kernel1
 .rodata.se_bias0
                0x00031df0       0x90 build/apollo4l_blue_evb/arm-none-eabi/apps/demos/nnse_baremetal_ap4l/src/def_nn3_se.o
                0x00031df0                se_bias0
 .rodata.se_kernel0
                0x00031e80     0x7980 build/apollo4l_blue_evb/arm-none-eabi/apps/demos/nnse_baremetal_ap4l/src/def_nn3_se.o
                0x00031e80                se_kernel0
 .rodata.feature_stdR_se
                0x00039800      0x120 build/apollo4l_blue_evb/arm-none-eabi/apps/demos/nnse_baremetal_ap4l/src/def_nn3_se.o
                0x00039800                feature_stdR_se
 .rodata.feature_mean_se
                0x00039920      0x120 build/apollo4l_blue_evb/arm-none-eabi/apps/demos/nnse_baremetal_ap4l/src/def_nn3_se.o
                0x00039920                feature_mean_se
 .rodata.init_audio_processing.str1.4
                0x00039a40      0x167 build/apollo4l_blue_evb/arm-none-eabi/apps/demos/nnse_baremetal_ap4l/src/nnse_baremetal_ap4l.o
                                 0x2b (size before relaxing)
 .rodata.process_audio_frame.str1.4
                0x00039ba7       0x58 build/apollo4l_blue_evb/arm-none-eabi/apps/demos/nnse_baremetal_ap4l/src/nnse_baremetal_ap4l.o
 .rodata.main.str1.4
                0x00039ba7       0xb7 build/apollo4l_blue_evb/arm-none-eabi/apps/demos/nnse_baremetal_ap4l/src/nnse_baremetal_ap4l.o
 *fill*         0x00039ba7        0x1 
 .rodata.ns_button_current_version
                0x00039ba8        0xc build/apollo4l_blue_evb/arm-none-eabi/neuralspot/ns-peripherals/ns-peripherals.a(ns_button.o)
                0x00039ba8                ns_button_current_version
 .rodata.ns_button_oldest_supported_version
                0x00039bb4        0xc build/apollo4l_blue_evb/arm-none-eabi/neuralspot/ns-peripherals/ns-peripherals.a(ns_button.o)
                0x00039bb4                ns_button_oldest_supported_version
 .rodata.ns_button_V1_0_0
                0x00039bc0        0xc build/apollo4l_blue_evb/arm-none-eabi/neuralspot/ns-peripherals/ns-peripherals.a(ns_button.o)
                0x00039bc0                ns_button_V1_0_0
 .rodata._aV2C.0
                0x00039bcc       0x10 build/apollo4l_blue_evb/arm-none-eabi/neuralspot/ns-audio/ns-audio.a(SEGGER_RTT_printf.o)
 .rodata.SEGGER_RTT_ReadUpBufferNoLock.str1.4
                0x00039bdc       0x17 build/apollo4l_blue_evb/arm-none-eabi/neuralspot/ns-audio/ns-audio.a(SEGGER_RTT.o)
 .rodata.stft_win_coeff_w480_h160
                0x00039bdc      0x3c0 build/apollo4l_blue_evb/arm-none-eabi/neuralspot/ns-nnsp/ns-nnsp.a(window_stft_coef_w480_h160.o)
                0x00039bdc                stft_win_coeff_w480_h160
 .rodata.log_tayler_coeff
                0x00039f9c      0x200 build/apollo4l_blue_evb/arm-none-eabi/neuralspot/ns-nnsp/ns-nnsp.a(fixlog10.o)
                0x00039f9c                log_tayler_coeff
 .rodata.mfltrBank_coeff_nfilt22_fftsize256
                0x0003a19c      0x212 build/apollo4l_blue_evb/arm-none-eabi/neuralspot/ns-nnsp/ns-nnsp.a(melSpec_coeff_nfilt22_fftsize256.o)
                0x0003a19c                mfltrBank_coeff_nfilt22_fftsize256
 *fill*         0x0003a3ae        0x2 
 .rodata.mfltrBank_coeff_nfilt40_fftsize512
                0x0003a3b0      0x42c build/apollo4l_blue_evb/arm-none-eabi/neuralspot/ns-nnsp/ns-nnsp.a(melSpec_coeff_nfilt40_fftsize512.o)
                0x0003a3b0                mfltrBank_coeff_nfilt40_fftsize512
 .rodata.mfltrBank_coeff_nfilt72_fftsize512
                0x0003a7dc      0x480 build/apollo4l_blue_evb/arm-none-eabi/neuralspot/ns-nnsp/ns-nnsp.a(melSpec_coeff_nfilt72_fftsize512.o)
                0x0003a7dc                mfltrBank_coeff_nfilt72_fftsize512
 .rodata.am_util_stdio_terminal_clear.str1.4
                0x0003ac5c       0x13 build/apollo4l_blue_evb/arm-none-eabi/extern/AmbiqSuite/R4.5.0/ambiqsuite.a(am_util_stdio.o)
 .rodata.g_ui32DSpintbl
                0x0003ac5c       0x10 extern/AmbiqSuite/R4.5.0/lib/apollo4l/libam_hal.a(am_hal_gpio.o)
 .rodata.g_ui32RMpintbl
                0x0003ac6c       0x10 extern/AmbiqSuite/R4.5.0/lib/apollo4l/libam_hal.a(am_hal_gpio.o)
 .rodata.am_hal_gpio_pincfg_input
                0x0003ac7c        0x4 extern/AmbiqSuite/R4.5.0/lib/apollo4l/libam_hal.a(am_hal_gpio.o)
                0x0003ac7c                am_hal_gpio_pincfg_input
 .rodata.am_hal_gpio_pincfg_output
                0x0003ac80        0x4 extern/AmbiqSuite/R4.5.0/lib/apollo4l/libam_hal.a(am_hal_gpio.o)
                0x0003ac80                am_hal_gpio_pincfg_output
 .rodata.ui32I2sWordLength
                0x0003ac84       0x18 extern/AmbiqSuite/R4.5.0/lib/apollo4l/libam_hal.a(am_hal_i2s.o)
 .rodata.g_amHalMcuctrlArgDefault
                0x0003ac9c        0x8 extern/AmbiqSuite/R4.5.0/lib/apollo4l/libam_hal.a(am_hal_mcuctrl.o)
                0x0003ac9c                g_amHalMcuctrlArgDefault
 .rodata.g_DefaultSRAMCfg
                0x0003aca4        0x6 extern/AmbiqSuite/R4.5.0/lib/apollo4l/libam_hal.a(am_hal_pwrctrl.o)
                0x0003aca4                g_DefaultSRAMCfg
 *fill*         0x0003acaa        0x2 
 .rodata.am_hal_pwrctrl_peripheral_control
                0x0003acac      0x190 extern/AmbiqSuite/R4.5.0/lib/apollo4l/libam_hal.a(am_hal_pwrctrl.o)
                0x0003acac                am_hal_pwrctrl_peripheral_control
 .rodata.g_am_hal_bootrom_helper
                0x0003ae3c       0x28 extern/AmbiqSuite/R4.5.0/lib/apollo4l/libam_hal.a(am_hal_bootrom_helper.o)
                0x0003ae3c                g_am_hal_bootrom_helper
 .rodata.am_hal_daxi_defaults
                0x0003ae64        0x5 extern/AmbiqSuite/R4.5.0/lib/apollo4l/libam_hal.a(am_hal_cachectrl.o)
                0x0003ae64                am_hal_daxi_defaults
 *fill*         0x0003ae69        0x3 
 .rodata.arm_cfft_sR_q31_len4096
                0x0003ae6c       0x10 extern/CMSIS/CMSIS-DSP-1.16.2/lib/libCMSISDSP-m4-gcc.a(CommonTables.c.o)
                0x0003ae6c                arm_cfft_sR_q31_len4096
 .rodata.arm_cfft_sR_q31_len2048
                0x0003ae7c       0x10 extern/CMSIS/CMSIS-DSP-1.16.2/lib/libCMSISDSP-m4-gcc.a(CommonTables.c.o)
                0x0003ae7c                arm_cfft_sR_q31_len2048
 .rodata.arm_cfft_sR_q31_len1024
                0x0003ae8c       0x10 extern/CMSIS/CMSIS-DSP-1.16.2/lib/libCMSISDSP-m4-gcc.a(CommonTables.c.o)
                0x0003ae8c                arm_cfft_sR_q31_len1024
 .rodata.arm_cfft_sR_q31_len512
                0x0003ae9c       0x10 extern/CMSIS/CMSIS-DSP-1.16.2/lib/libCMSISDSP-m4-gcc.a(CommonTables.c.o)
                0x0003ae9c                arm_cfft_sR_q31_len512
 .rodata.arm_cfft_sR_q31_len256
                0x0003aeac       0x10 extern/CMSIS/CMSIS-DSP-1.16.2/lib/libCMSISDSP-m4-gcc.a(CommonTables.c.o)
                0x0003aeac                arm_cfft_sR_q31_len256
 .rodata.arm_cfft_sR_q31_len128
                0x0003aebc       0x10 extern/CMSIS/CMSIS-DSP-1.16.2/lib/libCMSISDSP-m4-gcc.a(CommonTables.c.o)
                0x0003aebc                arm_cfft_sR_q31_len128
 .rodata.arm_cfft_sR_q31_len64
                0x0003aecc       0x10 extern/CMSIS/CMSIS-DSP-1.16.2/lib/libCMSISDSP-m4-gcc.a(CommonTables.c.o)
                0x0003aecc                arm_cfft_sR_q31_len64
 .rodata.arm_cfft_sR_q31_len32
                0x0003aedc       0x10 extern/CMSIS/CMSIS-DSP-1.16.2/lib/libCMSISDSP-m4-gcc.a(CommonTables.c.o)
                0x0003aedc                arm_cfft_sR_q31_len32
 .rodata.arm_cfft_sR_q31_len16
                0x0003aeec       0x10 extern/CMSIS/CMSIS-DSP-1.16.2/lib/libCMSISDSP-m4-gcc.a(CommonTables.c.o)
                0x0003aeec                arm_cfft_sR_q31_len16
 .rodata.realCoefBQ31
                0x0003aefc     0x8000 extern/CMSIS/CMSIS-DSP-1.16.2/lib/libCMSISDSP-m4-gcc.a(CommonTables.c.o)
                0x0003aefc                realCoefBQ31
 .rodata.realCoefAQ31
                0x00042efc     0x8000 extern/CMSIS/CMSIS-DSP-1.16.2/lib/libCMSISDSP-m4-gcc.a(CommonTables.c.o)
                0x00042efc                realCoefAQ31
 .rodata.armBitRevIndexTable_fixed_4096
                0x0004aefc     0x1f80 extern/CMSIS/CMSIS-DSP-1.16.2/lib/libCMSISDSP-m4-gcc.a(CommonTables.c.o)
                0x0004aefc                armBitRevIndexTable_fixed_4096
 .rodata.armBitRevIndexTable_fixed_2048
                0x0004ce7c      0xf80 extern/CMSIS/CMSIS-DSP-1.16.2/lib/libCMSISDSP-m4-gcc.a(CommonTables.c.o)
                0x0004ce7c                armBitRevIndexTable_fixed_2048
 .rodata.armBitRevIndexTable_fixed_1024
                0x0004ddfc      0x7c0 extern/CMSIS/CMSIS-DSP-1.16.2/lib/libCMSISDSP-m4-gcc.a(CommonTables.c.o)
                0x0004ddfc                armBitRevIndexTable_fixed_1024
 .rodata.armBitRevIndexTable_fixed_512
                0x0004e5bc      0x3c0 extern/CMSIS/CMSIS-DSP-1.16.2/lib/libCMSISDSP-m4-gcc.a(CommonTables.c.o)
                0x0004e5bc                armBitRevIndexTable_fixed_512
 .rodata.armBitRevIndexTable_fixed_256
                0x0004e97c      0x1e0 extern/CMSIS/CMSIS-DSP-1.16.2/lib/libCMSISDSP-m4-gcc.a(CommonTables.c.o)
                0x0004e97c                armBitRevIndexTable_fixed_256
 .rodata.armBitRevIndexTable_fixed_128
                0x0004eb5c       0xe0 extern/CMSIS/CMSIS-DSP-1.16.2/lib/libCMSISDSP-m4-gcc.a(CommonTables.c.o)
                0x0004eb5c                armBitRevIndexTable_fixed_128
 .rodata.armBitRevIndexTable_fixed_64
                0x0004ec3c       0x70 extern/CMSIS/CMSIS-DSP-1.16.2/lib/libCMSISDSP-m4-gcc.a(CommonTables.c.o)
                0x0004ec3c                armBitRevIndexTable_fixed_64
 .rodata.armBitRevIndexTable_fixed_32
                0x0004ecac       0x30 extern/CMSIS/CMSIS-DSP-1.16.2/lib/libCMSISDSP-m4-gcc.a(CommonTables.c.o)
                0x0004ecac                armBitRevIndexTable_fixed_32
 .rodata.armBitRevIndexTable_fixed_16
                0x0004ecdc       0x18 extern/CMSIS/CMSIS-DSP-1.16.2/lib/libCMSISDSP-m4-gcc.a(CommonTables.c.o)
                0x0004ecdc                armBitRevIndexTable_fixed_16
 .rodata.twiddleCoef_4096_q31
                0x0004ecf4     0x6000 extern/CMSIS/CMSIS-DSP-1.16.2/lib/libCMSISDSP-m4-gcc.a(CommonTables.c.o)
                0x0004ecf4                twiddleCoef_4096_q31
 .rodata.twiddleCoef_2048_q31
                0x00054cf4     0x3000 extern/CMSIS/CMSIS-DSP-1.16.2/lib/libCMSISDSP-m4-gcc.a(CommonTables.c.o)
                0x00054cf4                twiddleCoef_2048_q31
 .rodata.twiddleCoef_1024_q31
                0x00057cf4     0x1800 extern/CMSIS/CMSIS-DSP-1.16.2/lib/libCMSISDSP-m4-gcc.a(CommonTables.c.o)
                0x00057cf4                twiddleCoef_1024_q31
 .rodata.twiddleCoef_512_q31
                0x000594f4      0xc00 extern/CMSIS/CMSIS-DSP-1.16.2/lib/libCMSISDSP-m4-gcc.a(CommonTables.c.o)
                0x000594f4                twiddleCoef_512_q31
 .rodata.twiddleCoef_256_q31
                0x0005a0f4      0x600 extern/CMSIS/CMSIS-DSP-1.16.2/lib/libCMSISDSP-m4-gcc.a(CommonTables.c.o)
                0x0005a0f4                twiddleCoef_256_q31
 .rodata.twiddleCoef_128_q31
                0x0005a6f4      0x300 extern/CMSIS/CMSIS-DSP-1.16.2/lib/libCMSISDSP-m4-gcc.a(CommonTables.c.o)
                0x0005a6f4                twiddleCoef_128_q31
 .rodata.twiddleCoef_64_q31
                0x0005a9f4      0x180 extern/CMSIS/CMSIS-DSP-1.16.2/lib/libCMSISDSP-m4-gcc.a(CommonTables.c.o)
                0x0005a9f4                twiddleCoef_64_q31
 .rodata.twiddleCoef_32_q31
                0x0005ab74       0xc0 extern/CMSIS/CMSIS-DSP-1.16.2/lib/libCMSISDSP-m4-gcc.a(CommonTables.c.o)
                0x0005ab74                twiddleCoef_32_q31
 .rodata.twiddleCoef_16_q31
                0x0005ac34       0x60 extern/CMSIS/CMSIS-DSP-1.16.2/lib/libCMSISDSP-m4-gcc.a(CommonTables.c.o)
                0x0005ac34                twiddleCoef_16_q31
                0x0005ac94                        . = ALIGN (0x4)
                0x0005ac94                        _etext = .

.glue_7         0x0005ac94        0x0
 .glue_7        0x0005ac94        0x0 linker stubs

.glue_7t        0x0005ac94        0x0
 .glue_7t       0x0005ac94        0x0 linker stubs

.vfp11_veneer   0x0005ac94        0x0
 .vfp11_veneer  0x0005ac94        0x0 linker stubs

.v4_bx          0x0005ac94        0x0
 .v4_bx         0x0005ac94        0x0 linker stubs

.iplt           0x0005ac94        0x0
 .iplt          0x0005ac94        0x0 build/apollo4l_blue_evb/arm-none-eabi/apps/demos/nnse_baremetal_ap4l/src/def_nn3_se.o

.ARM.extab
 *(.ARM.extab* .gnu.linkonce.armextab.*)
                0x0005ac94                        __exidx_start = .

.ARM.exidx      0x0005ac94        0x8
 *(.ARM.exidx* .gnu.linkonce.armexidx.*)
 .ARM.exidx     0x0005ac94        0x8 C:/msys64/mingw64/bin/../lib/gcc/arm-none-eabi/13.3.0/../../../../arm-none-eabi/lib/thumb/v7e-m+fp/hard\libc.a(libc_a-memcpy.o)
 .ARM.exidx     0x0005ac9c        0x0 C:/msys64/mingw64/bin/../lib/gcc/arm-none-eabi/13.3.0/../../../../arm-none-eabi/lib/thumb/v7e-m+fp/hard\libc.a(libc_a-strlen.o)
                                  0x8 (size before relaxing)
 .ARM.exidx.text.__udivmoddi4
                0x0005ac9c        0x0 C:/msys64/mingw64/bin/../lib/gcc/arm-none-eabi/13.3.0/thumb/v7e-m+fp/hard\libgcc.a(_udivmoddi4.o)
                                  0x8 (size before relaxing)
                0x0005ac9c                        __exidx_end = .

.rel.dyn        0x0005ac9c        0x0
 .rel.iplt      0x0005ac9c        0x0 build/apollo4l_blue_evb/arm-none-eabi/apps/demos/nnse_baremetal_ap4l/src/def_nn3_se.o

.preinit_array  0x0005ac9c        0x0
                0x0005ac9c                        PROVIDE (__preinit_array_start = .)
 *(.preinit_array*)
                0x0005ac9c                        PROVIDE (__preinit_array_end = .)

.init_array     0x0005ac9c        0x0
                0x0005ac9c                        PROVIDE (__init_array_start = .)
 *(SORT_BY_NAME(.init_array.*))
 *(.init_array*)
                0x0005ac9c                        PROVIDE (__init_array_end = .)

.fini_array     0x0005ac9c        0x0
                [!provide]                        PROVIDE (__fini_array_start = .)
 *(SORT_BY_NAME(.fini_array.*))
 *(.fini_array*)
                [!provide]                        PROVIDE (__fini_array_end = .)

.stack          0x10000000     0x4000
                0x10000000                        . = ALIGN (0x8)
 *(.stack)
 .stack         0x10000000     0x4000 build/apollo4l_blue_evb/arm-none-eabi/neuralspot/ns-core/ns-core.a(startup_gcc.o)
 *(.stack*)
                0x10004000                        . = ALIGN (0x8)

.heap           0x10004000     0x1000
                0x10004000                        __heap_start__ = .
                0x10004000                        end = __heap_start__
                0x10004000                        _end = end
                0x10004000                        __end = end
 *(.heap)
 .heap          0x10004000     0x1000 build/apollo4l_blue_evb/arm-none-eabi/neuralspot/ns-core/ns-core.a(startup_gcc.o)
                0x10005000                        __heap_end__ = .
                0x10005000                        __HeapLimit = __heap_end__

.data           0x10005000      0xa88 load address 0x0005ac9c
                0x10005000                        . = ALIGN (0x4)
                0x10005000                        _sdata = .
 *(.data)
 *(.data*)
 .data.net_se   0x10005000      0x164 build/apollo4l_blue_evb/arm-none-eabi/apps/demos/nnse_baremetal_ap4l/src/def_nn3_se.o
                0x10005000                net_se
 .data.params_nn3_se
                0x10005164       0x18 build/apollo4l_blue_evb/arm-none-eabi/apps/demos/nnse_baremetal_ap4l/src/def_nn3_se.o
                0x10005164                params_nn3_se
 .data.g_sI2SConfig
                0x1000517c       0x18 build/apollo4l_blue_evb/arm-none-eabi/apps/demos/nnse_baremetal_ap4l/src/nnse_baremetal_ap4l.o
 .data.g_sI2SDataConfig
                0x10005194       0x18 build/apollo4l_blue_evb/arm-none-eabi/apps/demos/nnse_baremetal_ap4l/src/nnse_baremetal_ap4l.o
 .data.g_sPdmConfig
                0x100051ac       0x1c build/apollo4l_blue_evb/arm-none-eabi/apps/demos/nnse_baremetal_ap4l/src/nnse_baremetal_ap4l.o
                0x100051ac                g_sPdmConfig
 .data.g_sTransferI2S
                0x100051c8       0x18 build/apollo4l_blue_evb/arm-none-eabi/apps/demos/nnse_baremetal_ap4l/src/nnse_baremetal_ap4l.o
                0x100051c8                g_sTransferI2S
 .data.g_sTransferPDM
                0x100051e0        0xc build/apollo4l_blue_evb/arm-none-eabi/apps/demos/nnse_baremetal_ap4l/src/nnse_baremetal_ap4l.o
                0x100051e0                g_sTransferPDM
 .data.button_config_nnsp
                0x100051ec       0x14 build/apollo4l_blue_evb/arm-none-eabi/apps/demos/nnse_baremetal_ap4l/src/nnse_baremetal_ap4l.o
 .data.se_enabled
                0x10005200        0x1 build/apollo4l_blue_evb/arm-none-eabi/apps/demos/nnse_baremetal_ap4l/src/nnse_baremetal_ap4l.o
 *fill*         0x10005201        0x3 
 .data.coeffs_tanh
                0x10005204      0x300 build/apollo4l_blue_evb/arm-none-eabi/neuralspot/ns-nnsp/ns-nnsp.a(activation.o)
                0x10005204                coeffs_tanh
 .data.state_nnid
                0x10005504       0x24 build/apollo4l_blue_evb/arm-none-eabi/neuralspot/ns-nnsp/ns-nnsp.a(nn_speech.o)
                0x10005504                state_nnid
 .data.embd_nnid
                0x10005528      0x500 build/apollo4l_blue_evb/arm-none-eabi/neuralspot/ns-nnsp/ns-nnsp.a(nn_speech.o)
                0x10005528                embd_nnid
 .data.g_ui32xtalhscaptrim
                0x10005a28        0x4 extern/AmbiqSuite/R4.5.0/lib/apollo4l/libam_hal.a(am_hal_mcuctrl.o)
                0x10005a28                g_ui32xtalhscaptrim
 .data.g_ui32xtalhscap2trim
                0x10005a2c        0x4 extern/AmbiqSuite/R4.5.0/lib/apollo4l/libam_hal.a(am_hal_mcuctrl.o)
                0x10005a2c                g_ui32xtalhscap2trim
 .data.g_ui32origSimobuckVDDStrim
                0x10005a30        0x4 extern/AmbiqSuite/R4.5.0/lib/apollo4l/libam_hal.a(am_hal_pwrctrl.o)
                0x10005a30                g_ui32origSimobuckVDDStrim
 .data.g_ui32TrimVer
                0x10005a34        0x4 extern/AmbiqSuite/R4.5.0/lib/apollo4l/libam_hal.a(am_hal_pwrctrl.o)
                0x10005a34                g_ui32TrimVer
 .data.gDaxiConfig
                0x10005a38        0x5 extern/AmbiqSuite/R4.5.0/lib/apollo4l/libam_hal.a(am_hal_cachectrl.o)
                0x10005a38                gDaxiConfig
 *fill*         0x10005a3d        0x3 
 .data.g_AM_BSP_GPIO_PDM0_DATA
                0x10005a40        0x4 extern/AmbiqSuite/R4.5.0/lib/apollo4l/blue_evb/libam_bsp.a(am_bsp_pins.o)
                0x10005a40                g_AM_BSP_GPIO_PDM0_DATA
 .data.g_AM_BSP_GPIO_PDM0_CLK
                0x10005a44        0x4 extern/AmbiqSuite/R4.5.0/lib/apollo4l/blue_evb/libam_bsp.a(am_bsp_pins.o)
                0x10005a44                g_AM_BSP_GPIO_PDM0_CLK
 .data.g_AM_BSP_GPIO_I2S0_SDIN
                0x10005a48        0x4 extern/AmbiqSuite/R4.5.0/lib/apollo4l/blue_evb/libam_bsp.a(am_bsp_pins.o)
                0x10005a48                g_AM_BSP_GPIO_I2S0_SDIN
 .data.g_AM_BSP_GPIO_I2S0_WS
                0x10005a4c        0x4 extern/AmbiqSuite/R4.5.0/lib/apollo4l/blue_evb/libam_bsp.a(am_bsp_pins.o)
                0x10005a4c                g_AM_BSP_GPIO_I2S0_WS
 .data.g_AM_BSP_GPIO_I2S0_CLK
                0x10005a50        0x4 extern/AmbiqSuite/R4.5.0/lib/apollo4l/blue_evb/libam_bsp.a(am_bsp_pins.o)
                0x10005a50                g_AM_BSP_GPIO_I2S0_CLK
 .data.g_AM_BSP_GPIO_I2S0_SDOUT
                0x10005a54        0x4 extern/AmbiqSuite/R4.5.0/lib/apollo4l/blue_evb/libam_bsp.a(am_bsp_pins.o)
                0x10005a54                g_AM_BSP_GPIO_I2S0_SDOUT
 .data.g_AM_BSP_GPIO_I2S0_DATA
                0x10005a58        0x4 extern/AmbiqSuite/R4.5.0/lib/apollo4l/blue_evb/libam_bsp.a(am_bsp_pins.o)
                0x10005a58                g_AM_BSP_GPIO_I2S0_DATA
 .data.g_AM_BSP_GPIO_ITM_SWO
                0x10005a5c        0x4 extern/AmbiqSuite/R4.5.0/lib/apollo4l/blue_evb/libam_bsp.a(am_bsp_pins.o)
                0x10005a5c                g_AM_BSP_GPIO_ITM_SWO
 .data.g_AM_BSP_GPIO_BUTTON1
                0x10005a60        0x4 extern/AmbiqSuite/R4.5.0/lib/apollo4l/blue_evb/libam_bsp.a(am_bsp_pins.o)
                0x10005a60                g_AM_BSP_GPIO_BUTTON1
 .data.g_AM_BSP_GPIO_BUTTON0
                0x10005a64        0x4 extern/AmbiqSuite/R4.5.0/lib/apollo4l/blue_evb/libam_bsp.a(am_bsp_pins.o)
                0x10005a64                g_AM_BSP_GPIO_BUTTON0
 .data.g_AM_BSP_GPIO_LED1
                0x10005a68        0x4 extern/AmbiqSuite/R4.5.0/lib/apollo4l/blue_evb/libam_bsp.a(am_bsp_pins.o)
                0x10005a68                g_AM_BSP_GPIO_LED1
 .data.gpDcuLock
                0x10005a6c        0x4 extern/AmbiqSuite/R4.5.0/lib/apollo4l/libam_hal.a(am_hal_dcu.o)
                0x10005a6c                gpDcuLock
 .data.gpDcuEnable
                0x10005a70        0x4 extern/AmbiqSuite/R4.5.0/lib/apollo4l/libam_hal.a(am_hal_dcu.o)
                0x10005a70                gpDcuEnable
 *fill*         0x10005a74        0x4 
 .data.gDcuDisable
                0x10005a78        0x8 extern/AmbiqSuite/R4.5.0/lib/apollo4l/libam_hal.a(am_hal_dcu.o)
                0x10005a78                gDcuDisable
 .data.gDcuEnable
                0x10005a80        0x8 extern/AmbiqSuite/R4.5.0/lib/apollo4l/libam_hal.a(am_hal_dcu.o)
                0x10005a80                gDcuEnable
                0x10005a88                        . = ALIGN (0x4)
                0x10005a88                        _edata = .
                0x0005ac9c                        _init_data = LOADADDR (.data)

.igot.plt       0x10005a88        0x0 load address 0x0005b724
 .igot.plt      0x10005a88        0x0 build/apollo4l_blue_evb/arm-none-eabi/apps/demos/nnse_baremetal_ap4l/src/def_nn3_se.o

.rtt_control_block
                0x10005a88      0x4b8 load address 0x0005b724
 .rtt_control_block
                0x10005a88      0x4b8 build/apollo4l_blue_evb/arm-none-eabi/neuralspot/ns-audio/ns-audio.a(SEGGER_RTT.o)
                0x10005e98                _SEGGER_RTT

.bss            0x10005f40     0x7b64 load address 0x0005bbdc
                0x10005f40                        . = ALIGN (0x4)
                0x10005f40                        _sbss = .
 *(.bss)
 *(.bss*)
 .bss.hstate_layer1_se
                0x10005f40       0x90 build/apollo4l_blue_evb/arm-none-eabi/apps/demos/nnse_baremetal_ap4l/src/def_nn3_se.o
                0x10005f40                hstate_layer1_se
 .bss.cstate_layer1_se
                0x10005fd0      0x120 build/apollo4l_blue_evb/arm-none-eabi/apps/demos/nnse_baremetal_ap4l/src/def_nn3_se.o
                0x10005fd0                cstate_layer1_se
 .bss.diag_counter.0
                0x100060f0        0x4 build/apollo4l_blue_evb/arm-none-eabi/apps/demos/nnse_baremetal_ap4l/src/nnse_baremetal_ap4l.o
 .bss.g_sI2SIOConfig
                0x100060f4       0x10 build/apollo4l_blue_evb/arm-none-eabi/apps/demos/nnse_baremetal_ap4l/src/nnse_baremetal_ap4l.o
 .bss.cntrl_inst
                0x10006104        0xc build/apollo4l_blue_evb/arm-none-eabi/apps/demos/nnse_baremetal_ap4l/src/nnse_baremetal_ap4l.o
                0x10006104                cntrl_inst
 .bss.I2SHandle
                0x10006110        0x4 build/apollo4l_blue_evb/arm-none-eabi/apps/demos/nnse_baremetal_ap4l/src/nnse_baremetal_ap4l.o
                0x10006110                I2SHandle
 .bss.PDMHandle
                0x10006114        0x4 build/apollo4l_blue_evb/arm-none-eabi/apps/demos/nnse_baremetal_ap4l/src/nnse_baremetal_ap4l.o
                0x10006114                PDMHandle
 *fill*         0x10006118        0x8 
 .bss.PDM_Enhanced_Buffer
                0x10006120      0x280 build/apollo4l_blue_evb/arm-none-eabi/apps/demos/nnse_baremetal_ap4l/src/nnse_baremetal_ap4l.o
                0x10006120                PDM_Enhanced_Buffer
 .bss.PDM_se_output_buffer
                0x100063a0      0x140 build/apollo4l_blue_evb/arm-none-eabi/apps/demos/nnse_baremetal_ap4l/src/nnse_baremetal_ap4l.o
                0x100063a0                PDM_se_output_buffer
 .bss.PDM_se_input_buffer
                0x100064e0      0x140 build/apollo4l_blue_evb/arm-none-eabi/apps/demos/nnse_baremetal_ap4l/src/nnse_baremetal_ap4l.o
                0x100064e0                PDM_se_input_buffer
 .bss.g_intButtonPressed
                0x10006620        0x4 build/apollo4l_blue_evb/arm-none-eabi/apps/demos/nnse_baremetal_ap4l/src/nnse_baremetal_ap4l.o
 .bss.g_bPDMDataReady
                0x10006624        0x1 build/apollo4l_blue_evb/arm-none-eabi/apps/demos/nnse_baremetal_ap4l/src/nnse_baremetal_ap4l.o
 *fill*         0x10006625        0x3 
 .bss.audioFrameCount
                0x10006628        0x4 build/apollo4l_blue_evb/arm-none-eabi/apps/demos/nnse_baremetal_ap4l/src/nnse_baremetal_ap4l.o
 .bss.FEAT_INST
                0x1000662c     0x1074 build/apollo4l_blue_evb/arm-none-eabi/apps/demos/nnse_baremetal_ap4l/src/seCntrlClass.o
                0x1000662c                FEAT_INST
 .bss.NNSP_INST
                0x100076a0       0x44 build/apollo4l_blue_evb/arm-none-eabi/apps/demos/nnse_baremetal_ap4l/src/seCntrlClass.o
                0x100076a0                NNSP_INST
 .bss.g_ns_peripheral_joulescope_trigger
                0x100076e4        0x4 build/apollo4l_blue_evb/arm-none-eabi/neuralspot/ns-peripherals/ns-peripherals.a(ns_button.o)
                0x100076e4                g_ns_peripheral_joulescope_trigger
 .bss.g_ns_peripheral_button1
                0x100076e8        0x4 build/apollo4l_blue_evb/arm-none-eabi/neuralspot/ns-peripherals/ns-peripherals.a(ns_button.o)
                0x100076e8                g_ns_peripheral_button1
 .bss.g_ns_peripheral_button0
                0x100076ec        0x4 build/apollo4l_blue_evb/arm-none-eabi/neuralspot/ns-peripherals/ns-peripherals.a(ns_button.o)
                0x100076ec                g_ns_peripheral_button0
 .bss.accumulators
                0x100076f0       0x20 build/apollo4l_blue_evb/arm-none-eabi/neuralspot/ns-nnsp/ns-nnsp.a(affine.o)
                0x100076f0                accumulators
 .bss.tmp       0x10007710       0x20 build/apollo4l_blue_evb/arm-none-eabi/neuralspot/ns-nnsp/ns-nnsp.a(lstm.o)
                0x10007710                tmp
 .bss.O_STATES  0x10007730        0x8 build/apollo4l_blue_evb/arm-none-eabi/neuralspot/ns-nnsp/ns-nnsp.a(lstm.o)
                0x10007730                O_STATES
 .bss.F_STATES  0x10007738        0x8 build/apollo4l_blue_evb/arm-none-eabi/neuralspot/ns-nnsp/ns-nnsp.a(lstm.o)
                0x10007738                F_STATES
 .bss.J_STATES  0x10007740        0x8 build/apollo4l_blue_evb/arm-none-eabi/neuralspot/ns-nnsp/ns-nnsp.a(lstm.o)
                0x10007740                J_STATES
 .bss.I_STATES  0x10007748        0x8 build/apollo4l_blue_evb/arm-none-eabi/neuralspot/ns-nnsp/ns-nnsp.a(lstm.o)
                0x10007748                I_STATES
 .bss.glob_nn_output
                0x10007750      0x800 build/apollo4l_blue_evb/arm-none-eabi/neuralspot/ns-nnsp/ns-nnsp.a(nn_speech.o)
                0x10007750                glob_nn_output
 .bss.input_tmp
                0x10007f50      0x140 build/apollo4l_blue_evb/arm-none-eabi/neuralspot/ns-nnsp/ns-nnsp.a(nn_speech.o)
                0x10007f50                input_tmp
 .bss.inst_dcrm
                0x10008090        0x8 build/apollo4l_blue_evb/arm-none-eabi/neuralspot/ns-nnsp/ns-nnsp.a(nn_speech.o)
                0x10008090                inst_dcrm
 .bss.glob_se_out
                0x10008098      0x140 build/apollo4l_blue_evb/arm-none-eabi/neuralspot/ns-nnsp/ns-nnsp.a(nn_speech.o)
                0x10008098                glob_se_out
 .bss.glob_fft_buf
                0x100081d8     0x1008 build/apollo4l_blue_evb/arm-none-eabi/neuralspot/ns-nnsp/ns-nnsp.a(spectrogram_module.o)
                0x100081d8                glob_fft_buf
 .bss.glob_spec
                0x100091e0     0x1008 build/apollo4l_blue_evb/arm-none-eabi/neuralspot/ns-nnsp/ns-nnsp.a(spectrogram_module.o)
                0x100091e0                glob_spec
 .bss.odataBuffer
                0x1000a1e8      0x800 build/apollo4l_blue_evb/arm-none-eabi/neuralspot/ns-nnsp/ns-nnsp.a(spectrogram_module.o)
                0x1000a1e8                odataBuffer
 .bss.dataBuffer
                0x1000a9e8      0x400 build/apollo4l_blue_evb/arm-none-eabi/neuralspot/ns-nnsp/ns-nnsp.a(spectrogram_module.o)
                0x1000a9e8                dataBuffer
 .bss.GLOBAL_PSPEC
                0x1000ade8      0x800 build/apollo4l_blue_evb/arm-none-eabi/neuralspot/ns-nnsp/ns-nnsp.a(feature_module.o)
                0x1000ade8                GLOBAL_PSPEC
 .bss.input1    0x1000b5e8      0xc0c build/apollo4l_blue_evb/arm-none-eabi/neuralspot/ns-nnsp/ns-nnsp.a(neural_nets.o)
                0x1000b5e8                input1
 .bss.input0    0x1000c1f4      0xc0c build/apollo4l_blue_evb/arm-none-eabi/neuralspot/ns-nnsp/ns-nnsp.a(neural_nets.o)
                0x1000c1f4                input0
 .bss.g_bTxtXlate
                0x1000ce00        0x1 build/apollo4l_blue_evb/arm-none-eabi/extern/AmbiqSuite/R4.5.0/ambiqsuite.a(am_util_stdio.o)
 *fill*         0x1000ce01        0x3 
 .bss.g_prfbuf  0x1000ce04      0x400 build/apollo4l_blue_evb/arm-none-eabi/extern/AmbiqSuite/R4.5.0/ambiqsuite.a(am_util_stdio.o)
 .bss.g_pfnCharPrint
                0x1000d204        0x4 build/apollo4l_blue_evb/arm-none-eabi/extern/AmbiqSuite/R4.5.0/ambiqsuite.a(am_util_stdio.o)
                0x1000d204                g_pfnCharPrint
 .bss.gpio_pppvIrqArgs
                0x1000d208      0x400 extern/AmbiqSuite/R4.5.0/lib/apollo4l/libam_hal.a(am_hal_gpio.o)
 .bss.gpio_ppfnHandlers
                0x1000d608      0x400 extern/AmbiqSuite/R4.5.0/lib/apollo4l/libam_hal.a(am_hal_gpio.o)
 .bss.g_I2Shandles
                0x1000da08       0x4c extern/AmbiqSuite/R4.5.0/lib/apollo4l/libam_hal.a(am_hal_i2s.o)
                0x1000da08                g_I2Shandles
 .bss.am_hal_xtal_users
                0x1000da54        0xc extern/AmbiqSuite/R4.5.0/lib/apollo4l/libam_hal.a(am_hal_mcuctrl.o)
                0x1000da54                am_hal_xtal_users
 .bss.g_PDMhandles
                0x1000da60       0x18 extern/AmbiqSuite/R4.5.0/lib/apollo4l/libam_hal.a(am_hal_pdm.o)
                0x1000da60                g_PDMhandles
 .bss.g_bBoostForCryptoApplied
                0x1000da78        0x1 extern/AmbiqSuite/R4.5.0/lib/apollo4l/libam_hal.a(am_hal_pwrctrl.o)
 *fill*         0x1000da79        0x3 
 .bss.g_i32LatestLDOActTrim
                0x1000da7c        0x4 extern/AmbiqSuite/R4.5.0/lib/apollo4l/libam_hal.a(am_hal_pwrctrl.o)
 .bss.g_i32LatestVddfActTrim
                0x1000da80        0x4 extern/AmbiqSuite/R4.5.0/lib/apollo4l/libam_hal.a(am_hal_pwrctrl.o)
 .bss.g_ui32VDDFAdjustCodes
                0x1000da84        0x4 extern/AmbiqSuite/R4.5.0/lib/apollo4l/libam_hal.a(am_hal_pwrctrl.o)
 .bss.g_orig_TVRGVREFTRIM
                0x1000da88        0x4 extern/AmbiqSuite/R4.5.0/lib/apollo4l/libam_hal.a(am_hal_pwrctrl.o)
 .bss.g_orig_MEMLPLDOTRIM
                0x1000da8c        0x4 extern/AmbiqSuite/R4.5.0/lib/apollo4l/libam_hal.a(am_hal_pwrctrl.o)
 .bss.g_orig_LPTRIMVDDF
                0x1000da90        0x4 extern/AmbiqSuite/R4.5.0/lib/apollo4l/libam_hal.a(am_hal_pwrctrl.o)
 .bss.g_orig_MEMLDOACTIVETRIM
                0x1000da94        0x4 extern/AmbiqSuite/R4.5.0/lib/apollo4l/libam_hal.a(am_hal_pwrctrl.o)
 .bss.g_orig_ACTTRIMVDDF
                0x1000da98        0x4 extern/AmbiqSuite/R4.5.0/lib/apollo4l/libam_hal.a(am_hal_pwrctrl.o)
 .bss.g_bOrigTrimsStored
                0x1000da9c        0x1 extern/AmbiqSuite/R4.5.0/lib/apollo4l/libam_hal.a(am_hal_pwrctrl.o)
 .bss.g_ePrintInterface
                0x1000da9d        0x1 extern/AmbiqSuite/R4.5.0/lib/apollo4l/blue_evb/libam_bsp.a(am_bsp.o)
 *fill*         0x1000da9e        0x2 
 .bss.gStartOff
                0x1000daa0        0x4 extern/AmbiqSuite/R4.5.0/lib/apollo4l/libam_hal.a(am_hal_dcu.o)
                0x1000daa0                gStartOff
 *(COMMON)
                0x1000daa4                        . = ALIGN (0x4)
                0x1000daa4                        _ebss = .

.sram_bss       0x10060000        0x0
                0x10060000                        . = ALIGN (0x4)
                0x10060000                        _ssram_bss = .
 *(.sram_bss)
 *(.sram_bss*)
                0x10060000                        . = ALIGN (0x4)
                0x10060000                        _esram_bss = .

.shared         0x10060000      0xf0c load address 0x0005bbdc
                0x10060000                        . = ALIGN (0x4)
 *(.resource_table)
                0x10060000                        . = ALIGN (0x4)
                0x10060000                        _ssdata = .
 *(.shared)
 .shared        0x10060000      0xf0c build/apollo4l_blue_evb/arm-none-eabi/apps/demos/nnse_baremetal_ap4l/src/nnse_baremetal_ap4l.o
                0x10060000                I2S_Buffer
                0x10060500                g_ui32PingPongBuffer
                0x10060f0c                        . = ALIGN (0x4)
                0x10060f0c                        _sedata = .
                0x0005bbdc                        _init_data_sram = LOADADDR (.shared)
LOAD build/apollo4l_blue_evb/arm-none-eabi/apps/demos/nnse_baremetal_ap4l/src/am_devices_button.o
LOAD build/apollo4l_blue_evb/arm-none-eabi/apps/demos/nnse_baremetal_ap4l/src/am_devices_led.o
LOAD build/apollo4l_blue_evb/arm-none-eabi/apps/demos/nnse_baremetal_ap4l/src/def_nn3_se.o
LOAD build/apollo4l_blue_evb/arm-none-eabi/apps/demos/nnse_baremetal_ap4l/src/nnse_baremetal_ap4l.o
LOAD build/apollo4l_blue_evb/arm-none-eabi/apps/demos/nnse_baremetal_ap4l/src/seCntrlClass.o
START GROUP
LOAD C:/msys64/mingw64/bin/../lib/gcc/arm-none-eabi/13.3.0/../../../../arm-none-eabi/lib/thumb/v7e-m+fp/hard\libm.a
LOAD C:/msys64/mingw64/bin/../lib/gcc/arm-none-eabi/13.3.0/../../../../arm-none-eabi/lib/thumb/v7e-m+fp/hard\libc.a
LOAD C:/msys64/mingw64/bin/../lib/gcc/arm-none-eabi/13.3.0/thumb/v7e-m+fp/hard\libgcc.a
LOAD C:/msys64/mingw64/bin/../lib/gcc/arm-none-eabi/13.3.0/../../../../arm-none-eabi/lib/thumb/v7e-m+fp/hard\libnosys.a
LOAD build/apollo4l_blue_evb/arm-none-eabi/neuralspot/ns-core/ns-core.a
LOAD build/apollo4l_blue_evb/arm-none-eabi/neuralspot/ns-harness/ns-harness.a
LOAD build/apollo4l_blue_evb/arm-none-eabi/neuralspot/ns-peripherals/ns-peripherals.a
LOAD build/apollo4l_blue_evb/arm-none-eabi/neuralspot/ns-utils/ns-utils.a
LOAD build/apollo4l_blue_evb/arm-none-eabi/neuralspot/ns-uart/ns-uart.a
LOAD build/apollo4l_blue_evb/arm-none-eabi/neuralspot/ns-rpc/ns-rpc.a
LOAD build/apollo4l_blue_evb/arm-none-eabi/neuralspot/ns-ipc/ns-ipc.a
LOAD build/apollo4l_blue_evb/arm-none-eabi/neuralspot/ns-i2c/ns-i2c.a
LOAD build/apollo4l_blue_evb/arm-none-eabi/neuralspot/ns-audio/ns-audio.a
LOAD build/apollo4l_blue_evb/arm-none-eabi/neuralspot/ns-spi/ns-spi.a
LOAD build/apollo4l_blue_evb/arm-none-eabi/neuralspot/ns-camera/ns-camera.a
LOAD build/apollo4l_blue_evb/arm-none-eabi/neuralspot/ns-imu/ns-imu.a
LOAD build/apollo4l_blue_evb/arm-none-eabi/neuralspot/ns-nnsp/ns-nnsp.a
LOAD build/apollo4l_blue_evb/arm-none-eabi/neuralspot/ns-features/ns-features.a
LOAD build/apollo4l_blue_evb/arm-none-eabi/neuralspot/ns-ble/ns-ble.a
LOAD build/apollo4l_blue_evb/arm-none-eabi/extern/AmbiqSuite/R4.5.0/ambiqsuite.a
LOAD build/apollo4l_blue_evb/arm-none-eabi/extern/codecs/opus-precomp/codecs.a
LOAD build/apollo4l_blue_evb/arm-none-eabi/extern/drivers/tdk/icm45605/icm45605.a
LOAD build/apollo4l_blue_evb/arm-none-eabi/extern/AmbiqSuite/R4.5.0/third_party/SEGGER/SEGGER_RTT_V680a/segger_rtt.a
LOAD build/apollo4l_blue_evb/arm-none-eabi/extern/erpc/R1.9.1/erpc.a
LOAD extern/AmbiqSuite/R4.5.0/lib/apollo4l/libam_hal.a
LOAD extern/AmbiqSuite/R4.5.0/lib/apollo4l/blue_evb/libam_bsp.a
LOAD extern/CMSIS/CMSIS-DSP-1.16.2/lib/libCMSISDSP-m4-gcc.a
LOAD extern/tensorflow/helios_rt_v1_3_0/lib/libtensorflow-microlite-cm4-gcc-release.a
LOAD extern/codecs/opus-precomp/libs/libopus.a
LOAD extern/AmbiqSuite/R4.5.0/third_party/cordio/lib/apollo4l/blue_evb/gcc/cordio.a
LOAD C:/msys64/mingw64/bin/../lib/gcc/arm-none-eabi/13.3.0/../../../../arm-none-eabi/lib/thumb/v7e-m+fp/hard\libstdc++.a
END GROUP
START GROUP
LOAD C:/msys64/mingw64/bin/../lib/gcc/arm-none-eabi/13.3.0/thumb/v7e-m+fp/hard\libgcc.a
LOAD C:/msys64/mingw64/bin/../lib/gcc/arm-none-eabi/13.3.0/../../../../arm-none-eabi/lib/thumb/v7e-m+fp/hard\libc.a
END GROUP
OUTPUT(apps/demos/nnse_baremetal_ap4l/build/nnse_baremetal_ap4l.axf elf32-littlearm)
LOAD linker stubs

.debug_info     0x00000000    0x435bf
 .debug_info    0x00000000      0x67a build/apollo4l_blue_evb/arm-none-eabi/apps/demos/nnse_baremetal_ap4l/src/def_nn3_se.o
 .debug_info    0x0000067a    0x13f28 build/apollo4l_blue_evb/arm-none-eabi/apps/demos/nnse_baremetal_ap4l/src/nnse_baremetal_ap4l.o
 .debug_info    0x000145a2      0xfb7 build/apollo4l_blue_evb/arm-none-eabi/apps/demos/nnse_baremetal_ap4l/src/seCntrlClass.o
 .debug_info    0x00015559       0x33 C:/msys64/mingw64/bin/../lib/gcc/arm-none-eabi/13.3.0/../../../../arm-none-eabi/lib/thumb/v7e-m+fp/hard\libc.a(libc_a-memcpy.o)
 .debug_info    0x0001558c      0x1d0 build/apollo4l_blue_evb/arm-none-eabi/neuralspot/ns-core/ns-core.a(startup_gcc.o)
 .debug_info    0x0001575c      0x93b build/apollo4l_blue_evb/arm-none-eabi/neuralspot/ns-peripherals/ns-peripherals.a(ns_button.o)
 .debug_info    0x00016097      0xc9d build/apollo4l_blue_evb/arm-none-eabi/neuralspot/ns-peripherals/ns-peripherals.a(ns_button.o)
 .debug_info    0x00016d34      0x9ad build/apollo4l_blue_evb/arm-none-eabi/neuralspot/ns-audio/ns-audio.a(SEGGER_RTT_printf.o)
 .debug_info    0x000176e1     0x3357 build/apollo4l_blue_evb/arm-none-eabi/neuralspot/ns-audio/ns-audio.a(SEGGER_RTT.o)
 .debug_info    0x0001aa38      0x3d8 build/apollo4l_blue_evb/arm-none-eabi/neuralspot/ns-nnsp/ns-nnsp.a(activation.o)
 .debug_info    0x0001ae10     0x3194 build/apollo4l_blue_evb/arm-none-eabi/neuralspot/ns-nnsp/ns-nnsp.a(affine.o)
 .debug_info    0x0001dfa4     0x1057 build/apollo4l_blue_evb/arm-none-eabi/neuralspot/ns-nnsp/ns-nnsp.a(lstm.o)
 .debug_info    0x0001effb     0x1a60 build/apollo4l_blue_evb/arm-none-eabi/neuralspot/ns-nnsp/ns-nnsp.a(nn_speech.o)
 .debug_info    0x00020a5b      0x315 build/apollo4l_blue_evb/arm-none-eabi/neuralspot/ns-nnsp/ns-nnsp.a(nnid_class.o)
 .debug_info    0x00020d70      0xcdf build/apollo4l_blue_evb/arm-none-eabi/neuralspot/ns-nnsp/ns-nnsp.a(spectrogram_module.o)
 .debug_info    0x00021a4f       0xaa build/apollo4l_blue_evb/arm-none-eabi/neuralspot/ns-nnsp/ns-nnsp.a(window_stft_coef_w480_h160.o)
 .debug_info    0x00021af9      0xd44 build/apollo4l_blue_evb/arm-none-eabi/neuralspot/ns-nnsp/ns-nnsp.a(feature_module.o)
 .debug_info    0x0002283d      0x3af build/apollo4l_blue_evb/arm-none-eabi/neuralspot/ns-nnsp/ns-nnsp.a(fft_arm.o)
 .debug_info    0x00022bec      0x313 build/apollo4l_blue_evb/arm-none-eabi/neuralspot/ns-nnsp/ns-nnsp.a(fixlog10.o)
 .debug_info    0x00022eff      0x1c4 build/apollo4l_blue_evb/arm-none-eabi/neuralspot/ns-nnsp/ns-nnsp.a(iir.o)
 .debug_info    0x000230c3       0xb8 build/apollo4l_blue_evb/arm-none-eabi/neuralspot/ns-nnsp/ns-nnsp.a(melSpec_coeff_nfilt22_fftsize256.o)
 .debug_info    0x0002317b       0xb8 build/apollo4l_blue_evb/arm-none-eabi/neuralspot/ns-nnsp/ns-nnsp.a(melSpec_coeff_nfilt40_fftsize512.o)
 .debug_info    0x00023233       0xb8 build/apollo4l_blue_evb/arm-none-eabi/neuralspot/ns-nnsp/ns-nnsp.a(melSpec_coeff_nfilt72_fftsize512.o)
 .debug_info    0x000232eb      0x17c build/apollo4l_blue_evb/arm-none-eabi/neuralspot/ns-nnsp/ns-nnsp.a(melSpecProc.o)
 .debug_info    0x00023467      0xbc0 build/apollo4l_blue_evb/arm-none-eabi/neuralspot/ns-nnsp/ns-nnsp.a(neural_nets.o)
 .debug_info    0x00024027      0x188 build/apollo4l_blue_evb/arm-none-eabi/extern/AmbiqSuite/R4.5.0/ambiqsuite.a(am_util_delay.o)
 .debug_info    0x000241af     0x12f7 build/apollo4l_blue_evb/arm-none-eabi/extern/AmbiqSuite/R4.5.0/ambiqsuite.a(am_util_stdio.o)
 .debug_info    0x000254a6    0x17c61 extern/CMSIS/CMSIS-DSP-1.16.2/lib/libCMSISDSP-m4-gcc.a(TransformFunctions.c.o)
 .debug_info    0x0003d107     0x254d extern/CMSIS/CMSIS-DSP-1.16.2/lib/libCMSISDSP-m4-gcc.a(BasicMathFunctions.c.o)
 .debug_info    0x0003f654     0x1d95 extern/CMSIS/CMSIS-DSP-1.16.2/lib/libCMSISDSP-m4-gcc.a(CommonTables.c.o)
 .debug_info    0x000413e9      0x135 C:/msys64/mingw64/bin/../lib/gcc/arm-none-eabi/13.3.0/../../../../arm-none-eabi/lib/thumb/v7e-m+fp/hard\libc.a(libc_a-memset.o)
 .debug_info    0x0004151e      0x10b C:/msys64/mingw64/bin/../lib/gcc/arm-none-eabi/13.3.0/../../../../arm-none-eabi/lib/thumb/v7e-m+fp/hard\libc.a(libc_a-init.o)
 .debug_info    0x00041629       0x33 C:/msys64/mingw64/bin/../lib/gcc/arm-none-eabi/13.3.0/../../../../arm-none-eabi/lib/thumb/v7e-m+fp/hard\libc.a(libc_a-strlen.o)
 .debug_info    0x0004165c       0xd3 C:/msys64/mingw64/bin/../lib/gcc/arm-none-eabi/13.3.0/thumb/v7e-m+fp/hard\libgcc.a(_arm_addsubdf3.o)
 .debug_info    0x0004172f       0x57 C:/msys64/mingw64/bin/../lib/gcc/arm-none-eabi/13.3.0/thumb/v7e-m+fp/hard\libgcc.a(_arm_muldivdf3.o)
 .debug_info    0x00041786       0x3f C:/msys64/mingw64/bin/../lib/gcc/arm-none-eabi/13.3.0/thumb/v7e-m+fp/hard\libgcc.a(_arm_truncdfsf2.o)
 .debug_info    0x000417c5       0x24 C:/msys64/mingw64/bin/../lib/gcc/arm-none-eabi/13.3.0/thumb/v7e-m+fp/hard\libgcc.a(_aeabi_uldivmod.o)
 .debug_info    0x000417e9      0x703 C:/msys64/mingw64/bin/../lib/gcc/arm-none-eabi/13.3.0/thumb/v7e-m+fp/hard\libgcc.a(_udivmoddi4.o)
 .debug_info    0x00041eec       0x3c C:/msys64/mingw64/bin/../lib/gcc/arm-none-eabi/13.3.0/thumb/v7e-m+fp/hard\libgcc.a(_dvmd_tls.o)
 .debug_info    0x00041f28     0x1697 build/apollo4l_blue_evb/arm-none-eabi/neuralspot/ns-core/ns-core.a(ns_core.o)

.debug_abbrev   0x00000000     0x4291
 .debug_abbrev  0x00000000      0x15d build/apollo4l_blue_evb/arm-none-eabi/apps/demos/nnse_baremetal_ap4l/src/def_nn3_se.o
 .debug_abbrev  0x0000015d      0x50b build/apollo4l_blue_evb/arm-none-eabi/apps/demos/nnse_baremetal_ap4l/src/nnse_baremetal_ap4l.o
 .debug_abbrev  0x00000668      0x256 build/apollo4l_blue_evb/arm-none-eabi/apps/demos/nnse_baremetal_ap4l/src/seCntrlClass.o
 .debug_abbrev  0x000008be       0x28 C:/msys64/mingw64/bin/../lib/gcc/arm-none-eabi/13.3.0/../../../../arm-none-eabi/lib/thumb/v7e-m+fp/hard\libc.a(libc_a-memcpy.o)
 .debug_abbrev  0x000008e6      0x145 build/apollo4l_blue_evb/arm-none-eabi/neuralspot/ns-core/ns-core.a(startup_gcc.o)
 .debug_abbrev  0x00000a2b      0x204 build/apollo4l_blue_evb/arm-none-eabi/neuralspot/ns-peripherals/ns-peripherals.a(ns_button.o)
 .debug_abbrev  0x00000c2f      0x31b build/apollo4l_blue_evb/arm-none-eabi/neuralspot/ns-peripherals/ns-peripherals.a(ns_button.o)
 .debug_abbrev  0x00000f4a      0x299 build/apollo4l_blue_evb/arm-none-eabi/neuralspot/ns-audio/ns-audio.a(SEGGER_RTT_printf.o)
 .debug_abbrev  0x000011e3      0x33f build/apollo4l_blue_evb/arm-none-eabi/neuralspot/ns-audio/ns-audio.a(SEGGER_RTT.o)
 .debug_abbrev  0x00001522      0x166 build/apollo4l_blue_evb/arm-none-eabi/neuralspot/ns-nnsp/ns-nnsp.a(activation.o)
 .debug_abbrev  0x00001688      0x319 build/apollo4l_blue_evb/arm-none-eabi/neuralspot/ns-nnsp/ns-nnsp.a(affine.o)
 .debug_abbrev  0x000019a1      0x198 build/apollo4l_blue_evb/arm-none-eabi/neuralspot/ns-nnsp/ns-nnsp.a(lstm.o)
 .debug_abbrev  0x00001b39      0x475 build/apollo4l_blue_evb/arm-none-eabi/neuralspot/ns-nnsp/ns-nnsp.a(nn_speech.o)
 .debug_abbrev  0x00001fae      0x11f build/apollo4l_blue_evb/arm-none-eabi/neuralspot/ns-nnsp/ns-nnsp.a(nnid_class.o)
 .debug_abbrev  0x000020cd      0x24f build/apollo4l_blue_evb/arm-none-eabi/neuralspot/ns-nnsp/ns-nnsp.a(spectrogram_module.o)
 .debug_abbrev  0x0000231c       0x61 build/apollo4l_blue_evb/arm-none-eabi/neuralspot/ns-nnsp/ns-nnsp.a(window_stft_coef_w480_h160.o)
 .debug_abbrev  0x0000237d      0x271 build/apollo4l_blue_evb/arm-none-eabi/neuralspot/ns-nnsp/ns-nnsp.a(feature_module.o)
 .debug_abbrev  0x000025ee      0x177 build/apollo4l_blue_evb/arm-none-eabi/neuralspot/ns-nnsp/ns-nnsp.a(fft_arm.o)
 .debug_abbrev  0x00002765      0x1a2 build/apollo4l_blue_evb/arm-none-eabi/neuralspot/ns-nnsp/ns-nnsp.a(fixlog10.o)
 .debug_abbrev  0x00002907      0x113 build/apollo4l_blue_evb/arm-none-eabi/neuralspot/ns-nnsp/ns-nnsp.a(iir.o)
 .debug_abbrev  0x00002a1a       0x63 build/apollo4l_blue_evb/arm-none-eabi/neuralspot/ns-nnsp/ns-nnsp.a(melSpec_coeff_nfilt22_fftsize256.o)
 .debug_abbrev  0x00002a7d       0x63 build/apollo4l_blue_evb/arm-none-eabi/neuralspot/ns-nnsp/ns-nnsp.a(melSpec_coeff_nfilt40_fftsize512.o)
 .debug_abbrev  0x00002ae0       0x63 build/apollo4l_blue_evb/arm-none-eabi/neuralspot/ns-nnsp/ns-nnsp.a(melSpec_coeff_nfilt72_fftsize512.o)
 .debug_abbrev  0x00002b43       0xa6 build/apollo4l_blue_evb/arm-none-eabi/neuralspot/ns-nnsp/ns-nnsp.a(melSpecProc.o)
 .debug_abbrev  0x00002be9      0x20e build/apollo4l_blue_evb/arm-none-eabi/neuralspot/ns-nnsp/ns-nnsp.a(neural_nets.o)
 .debug_abbrev  0x00002df7      0x116 build/apollo4l_blue_evb/arm-none-eabi/extern/AmbiqSuite/R4.5.0/ambiqsuite.a(am_util_delay.o)
 .debug_abbrev  0x00002f0d      0x429 build/apollo4l_blue_evb/arm-none-eabi/extern/AmbiqSuite/R4.5.0/ambiqsuite.a(am_util_stdio.o)
 .debug_abbrev  0x00003336      0x59c extern/CMSIS/CMSIS-DSP-1.16.2/lib/libCMSISDSP-m4-gcc.a(TransformFunctions.c.o)
 .debug_abbrev  0x000038d2      0x1a2 extern/CMSIS/CMSIS-DSP-1.16.2/lib/libCMSISDSP-m4-gcc.a(BasicMathFunctions.c.o)
 .debug_abbrev  0x00003a74      0x108 extern/CMSIS/CMSIS-DSP-1.16.2/lib/libCMSISDSP-m4-gcc.a(CommonTables.c.o)
 .debug_abbrev  0x00003b7c       0xb7 C:/msys64/mingw64/bin/../lib/gcc/arm-none-eabi/13.3.0/../../../../arm-none-eabi/lib/thumb/v7e-m+fp/hard\libc.a(libc_a-memset.o)
 .debug_abbrev  0x00003c33       0xc9 C:/msys64/mingw64/bin/../lib/gcc/arm-none-eabi/13.3.0/../../../../arm-none-eabi/lib/thumb/v7e-m+fp/hard\libc.a(libc_a-init.o)
 .debug_abbrev  0x00003cfc       0x28 C:/msys64/mingw64/bin/../lib/gcc/arm-none-eabi/13.3.0/../../../../arm-none-eabi/lib/thumb/v7e-m+fp/hard\libc.a(libc_a-strlen.o)
 .debug_abbrev  0x00003d24       0x28 C:/msys64/mingw64/bin/../lib/gcc/arm-none-eabi/13.3.0/thumb/v7e-m+fp/hard\libgcc.a(_arm_addsubdf3.o)
 .debug_abbrev  0x00003d4c       0x28 C:/msys64/mingw64/bin/../lib/gcc/arm-none-eabi/13.3.0/thumb/v7e-m+fp/hard\libgcc.a(_arm_muldivdf3.o)
 .debug_abbrev  0x00003d74       0x28 C:/msys64/mingw64/bin/../lib/gcc/arm-none-eabi/13.3.0/thumb/v7e-m+fp/hard\libgcc.a(_arm_truncdfsf2.o)
 .debug_abbrev  0x00003d9c       0x14 C:/msys64/mingw64/bin/../lib/gcc/arm-none-eabi/13.3.0/thumb/v7e-m+fp/hard\libgcc.a(_aeabi_uldivmod.o)
 .debug_abbrev  0x00003db0      0x16a C:/msys64/mingw64/bin/../lib/gcc/arm-none-eabi/13.3.0/thumb/v7e-m+fp/hard\libgcc.a(_udivmoddi4.o)
 .debug_abbrev  0x00003f1a       0x26 C:/msys64/mingw64/bin/../lib/gcc/arm-none-eabi/13.3.0/thumb/v7e-m+fp/hard\libgcc.a(_dvmd_tls.o)
 .debug_abbrev  0x00003f40      0x351 build/apollo4l_blue_evb/arm-none-eabi/neuralspot/ns-core/ns-core.a(ns_core.o)

.debug_aranges  0x00000000      0xf08
 .debug_aranges
                0x00000000       0x18 build/apollo4l_blue_evb/arm-none-eabi/apps/demos/nnse_baremetal_ap4l/src/def_nn3_se.o
 .debug_aranges
                0x00000018       0x50 build/apollo4l_blue_evb/arm-none-eabi/apps/demos/nnse_baremetal_ap4l/src/nnse_baremetal_ap4l.o
 .debug_aranges
                0x00000068       0x30 build/apollo4l_blue_evb/arm-none-eabi/apps/demos/nnse_baremetal_ap4l/src/seCntrlClass.o
 .debug_aranges
                0x00000098       0x20 C:/msys64/mingw64/bin/../lib/gcc/arm-none-eabi/13.3.0/../../../../arm-none-eabi/lib/thumb/v7e-m+fp/hard\libc.a(libc_a-memcpy.o)
 .debug_aranges
                0x000000b8       0x48 build/apollo4l_blue_evb/arm-none-eabi/neuralspot/ns-core/ns-core.a(startup_gcc.o)
 .debug_aranges
                0x00000100       0x38 build/apollo4l_blue_evb/arm-none-eabi/neuralspot/ns-peripherals/ns-peripherals.a(ns_button.o)
 .debug_aranges
                0x00000138       0x28 build/apollo4l_blue_evb/arm-none-eabi/neuralspot/ns-peripherals/ns-peripherals.a(ns_button.o)
 .debug_aranges
                0x00000160       0x30 build/apollo4l_blue_evb/arm-none-eabi/neuralspot/ns-audio/ns-audio.a(SEGGER_RTT_printf.o)
 .debug_aranges
                0x00000190      0x110 build/apollo4l_blue_evb/arm-none-eabi/neuralspot/ns-audio/ns-audio.a(SEGGER_RTT.o)
 .debug_aranges
                0x000002a0       0x38 build/apollo4l_blue_evb/arm-none-eabi/neuralspot/ns-nnsp/ns-nnsp.a(activation.o)
 .debug_aranges
                0x000002d8       0x40 build/apollo4l_blue_evb/arm-none-eabi/neuralspot/ns-nnsp/ns-nnsp.a(affine.o)
 .debug_aranges
                0x00000318       0x28 build/apollo4l_blue_evb/arm-none-eabi/neuralspot/ns-nnsp/ns-nnsp.a(lstm.o)
 .debug_aranges
                0x00000340       0x78 build/apollo4l_blue_evb/arm-none-eabi/neuralspot/ns-nnsp/ns-nnsp.a(nn_speech.o)
 .debug_aranges
                0x000003b8       0x28 build/apollo4l_blue_evb/arm-none-eabi/neuralspot/ns-nnsp/ns-nnsp.a(nnid_class.o)
 .debug_aranges
                0x000003e0       0x40 build/apollo4l_blue_evb/arm-none-eabi/neuralspot/ns-nnsp/ns-nnsp.a(spectrogram_module.o)
 .debug_aranges
                0x00000420       0x18 build/apollo4l_blue_evb/arm-none-eabi/neuralspot/ns-nnsp/ns-nnsp.a(window_stft_coef_w480_h160.o)
 .debug_aranges
                0x00000438       0x30 build/apollo4l_blue_evb/arm-none-eabi/neuralspot/ns-nnsp/ns-nnsp.a(feature_module.o)
 .debug_aranges
                0x00000468       0x28 build/apollo4l_blue_evb/arm-none-eabi/neuralspot/ns-nnsp/ns-nnsp.a(fft_arm.o)
 .debug_aranges
                0x00000490       0x30 build/apollo4l_blue_evb/arm-none-eabi/neuralspot/ns-nnsp/ns-nnsp.a(fixlog10.o)
 .debug_aranges
                0x000004c0       0x30 build/apollo4l_blue_evb/arm-none-eabi/neuralspot/ns-nnsp/ns-nnsp.a(iir.o)
 .debug_aranges
                0x000004f0       0x18 build/apollo4l_blue_evb/arm-none-eabi/neuralspot/ns-nnsp/ns-nnsp.a(melSpec_coeff_nfilt22_fftsize256.o)
 .debug_aranges
                0x00000508       0x18 build/apollo4l_blue_evb/arm-none-eabi/neuralspot/ns-nnsp/ns-nnsp.a(melSpec_coeff_nfilt40_fftsize512.o)
 .debug_aranges
                0x00000520       0x18 build/apollo4l_blue_evb/arm-none-eabi/neuralspot/ns-nnsp/ns-nnsp.a(melSpec_coeff_nfilt72_fftsize512.o)
 .debug_aranges
                0x00000538       0x20 build/apollo4l_blue_evb/arm-none-eabi/neuralspot/ns-nnsp/ns-nnsp.a(melSpecProc.o)
 .debug_aranges
                0x00000558       0x30 build/apollo4l_blue_evb/arm-none-eabi/neuralspot/ns-nnsp/ns-nnsp.a(neural_nets.o)
 .debug_aranges
                0x00000588       0x30 build/apollo4l_blue_evb/arm-none-eabi/extern/AmbiqSuite/R4.5.0/ambiqsuite.a(am_util_delay.o)
 .debug_aranges
                0x000005b8       0x78 build/apollo4l_blue_evb/arm-none-eabi/extern/AmbiqSuite/R4.5.0/ambiqsuite.a(am_util_stdio.o)
 .debug_aranges
                0x00000630      0x540 extern/CMSIS/CMSIS-DSP-1.16.2/lib/libCMSISDSP-m4-gcc.a(TransformFunctions.c.o)
 .debug_aranges
                0x00000b70      0x1f0 extern/CMSIS/CMSIS-DSP-1.16.2/lib/libCMSISDSP-m4-gcc.a(BasicMathFunctions.c.o)
 .debug_aranges
                0x00000d60       0x18 extern/CMSIS/CMSIS-DSP-1.16.2/lib/libCMSISDSP-m4-gcc.a(CommonTables.c.o)
 .debug_aranges
                0x00000d78       0x20 C:/msys64/mingw64/bin/../lib/gcc/arm-none-eabi/13.3.0/../../../../arm-none-eabi/lib/thumb/v7e-m+fp/hard\libc.a(libc_a-memset.o)
 .debug_aranges
                0x00000d98       0x20 C:/msys64/mingw64/bin/../lib/gcc/arm-none-eabi/13.3.0/../../../../arm-none-eabi/lib/thumb/v7e-m+fp/hard\libc.a(libc_a-init.o)
 .debug_aranges
                0x00000db8       0x20 C:/msys64/mingw64/bin/../lib/gcc/arm-none-eabi/13.3.0/../../../../arm-none-eabi/lib/thumb/v7e-m+fp/hard\libc.a(libc_a-strlen.o)
 .debug_aranges
                0x00000dd8       0x20 C:/msys64/mingw64/bin/../lib/gcc/arm-none-eabi/13.3.0/thumb/v7e-m+fp/hard\libgcc.a(_arm_addsubdf3.o)
 .debug_aranges
                0x00000df8       0x20 C:/msys64/mingw64/bin/../lib/gcc/arm-none-eabi/13.3.0/thumb/v7e-m+fp/hard\libgcc.a(_arm_muldivdf3.o)
 .debug_aranges
                0x00000e18       0x20 C:/msys64/mingw64/bin/../lib/gcc/arm-none-eabi/13.3.0/thumb/v7e-m+fp/hard\libgcc.a(_arm_truncdfsf2.o)
 .debug_aranges
                0x00000e38       0x20 C:/msys64/mingw64/bin/../lib/gcc/arm-none-eabi/13.3.0/thumb/v7e-m+fp/hard\libgcc.a(_aeabi_uldivmod.o)
 .debug_aranges
                0x00000e58       0x20 C:/msys64/mingw64/bin/../lib/gcc/arm-none-eabi/13.3.0/thumb/v7e-m+fp/hard\libgcc.a(_udivmoddi4.o)
 .debug_aranges
                0x00000e78       0x20 C:/msys64/mingw64/bin/../lib/gcc/arm-none-eabi/13.3.0/thumb/v7e-m+fp/hard\libgcc.a(_dvmd_tls.o)
 .debug_aranges
                0x00000e98       0x70 build/apollo4l_blue_evb/arm-none-eabi/neuralspot/ns-core/ns-core.a(ns_core.o)

.debug_line     0x00000000    0x205c5
 .debug_line    0x00000000      0x133 build/apollo4l_blue_evb/arm-none-eabi/apps/demos/nnse_baremetal_ap4l/src/def_nn3_se.o
 .debug_line    0x00000133      0x80b build/apollo4l_blue_evb/arm-none-eabi/apps/demos/nnse_baremetal_ap4l/src/nnse_baremetal_ap4l.o
 .debug_line    0x0000093e      0x355 build/apollo4l_blue_evb/arm-none-eabi/apps/demos/nnse_baremetal_ap4l/src/seCntrlClass.o
 .debug_line    0x00000c93       0xb9 C:/msys64/mingw64/bin/../lib/gcc/arm-none-eabi/13.3.0/../../../../arm-none-eabi/lib/thumb/v7e-m+fp/hard\libc.a(libc_a-memcpy.o)
 .debug_line    0x00000d4c      0x175 build/apollo4l_blue_evb/arm-none-eabi/neuralspot/ns-core/ns-core.a(startup_gcc.o)
 .debug_line    0x00000ec1      0x260 build/apollo4l_blue_evb/arm-none-eabi/neuralspot/ns-peripherals/ns-peripherals.a(ns_button.o)
 .debug_line    0x00001121      0x40e build/apollo4l_blue_evb/arm-none-eabi/neuralspot/ns-peripherals/ns-peripherals.a(ns_button.o)
 .debug_line    0x0000152f      0xbb8 build/apollo4l_blue_evb/arm-none-eabi/neuralspot/ns-audio/ns-audio.a(SEGGER_RTT_printf.o)
 .debug_line    0x000020e7     0x373e build/apollo4l_blue_evb/arm-none-eabi/neuralspot/ns-audio/ns-audio.a(SEGGER_RTT.o)
 .debug_line    0x00005825      0x40a build/apollo4l_blue_evb/arm-none-eabi/neuralspot/ns-nnsp/ns-nnsp.a(activation.o)
 .debug_line    0x00005c2f     0x2f8e build/apollo4l_blue_evb/arm-none-eabi/neuralspot/ns-nnsp/ns-nnsp.a(affine.o)
 .debug_line    0x00008bbd      0xb69 build/apollo4l_blue_evb/arm-none-eabi/neuralspot/ns-nnsp/ns-nnsp.a(lstm.o)
 .debug_line    0x00009726     0x1135 build/apollo4l_blue_evb/arm-none-eabi/neuralspot/ns-nnsp/ns-nnsp.a(nn_speech.o)
 .debug_line    0x0000a85b      0x318 build/apollo4l_blue_evb/arm-none-eabi/neuralspot/ns-nnsp/ns-nnsp.a(nnid_class.o)
 .debug_line    0x0000ab73      0x628 build/apollo4l_blue_evb/arm-none-eabi/neuralspot/ns-nnsp/ns-nnsp.a(spectrogram_module.o)
 .debug_line    0x0000b19b       0xd1 build/apollo4l_blue_evb/arm-none-eabi/neuralspot/ns-nnsp/ns-nnsp.a(window_stft_coef_w480_h160.o)
 .debug_line    0x0000b26c      0x4aa build/apollo4l_blue_evb/arm-none-eabi/neuralspot/ns-nnsp/ns-nnsp.a(feature_module.o)
 .debug_line    0x0000b716      0x135 build/apollo4l_blue_evb/arm-none-eabi/neuralspot/ns-nnsp/ns-nnsp.a(fft_arm.o)
 .debug_line    0x0000b84b      0x300 build/apollo4l_blue_evb/arm-none-eabi/neuralspot/ns-nnsp/ns-nnsp.a(fixlog10.o)
 .debug_line    0x0000bb4b      0x1aa build/apollo4l_blue_evb/arm-none-eabi/neuralspot/ns-nnsp/ns-nnsp.a(iir.o)
 .debug_line    0x0000bcf5       0xd7 build/apollo4l_blue_evb/arm-none-eabi/neuralspot/ns-nnsp/ns-nnsp.a(melSpec_coeff_nfilt22_fftsize256.o)
 .debug_line    0x0000bdcc       0xd7 build/apollo4l_blue_evb/arm-none-eabi/neuralspot/ns-nnsp/ns-nnsp.a(melSpec_coeff_nfilt40_fftsize512.o)
 .debug_line    0x0000bea3       0xd7 build/apollo4l_blue_evb/arm-none-eabi/neuralspot/ns-nnsp/ns-nnsp.a(melSpec_coeff_nfilt72_fftsize512.o)
 .debug_line    0x0000bf7a      0x18c build/apollo4l_blue_evb/arm-none-eabi/neuralspot/ns-nnsp/ns-nnsp.a(melSpecProc.o)
 .debug_line    0x0000c106      0x428 build/apollo4l_blue_evb/arm-none-eabi/neuralspot/ns-nnsp/ns-nnsp.a(neural_nets.o)
 .debug_line    0x0000c52e      0x154 build/apollo4l_blue_evb/arm-none-eabi/extern/AmbiqSuite/R4.5.0/ambiqsuite.a(am_util_delay.o)
 .debug_line    0x0000c682     0x15ac build/apollo4l_blue_evb/arm-none-eabi/extern/AmbiqSuite/R4.5.0/ambiqsuite.a(am_util_stdio.o)
 .debug_line    0x0000dc2e     0xfa13 extern/CMSIS/CMSIS-DSP-1.16.2/lib/libCMSISDSP-m4-gcc.a(TransformFunctions.c.o)
 .debug_line    0x0001d641     0x1ceb extern/CMSIS/CMSIS-DSP-1.16.2/lib/libCMSISDSP-m4-gcc.a(BasicMathFunctions.c.o)
 .debug_line    0x0001f32c      0x1eb extern/CMSIS/CMSIS-DSP-1.16.2/lib/libCMSISDSP-m4-gcc.a(CommonTables.c.o)
 .debug_line    0x0001f517      0x1ca C:/msys64/mingw64/bin/../lib/gcc/arm-none-eabi/13.3.0/../../../../arm-none-eabi/lib/thumb/v7e-m+fp/hard\libc.a(libc_a-memset.o)
 .debug_line    0x0001f6e1      0x13c C:/msys64/mingw64/bin/../lib/gcc/arm-none-eabi/13.3.0/../../../../arm-none-eabi/lib/thumb/v7e-m+fp/hard\libc.a(libc_a-init.o)
 .debug_line    0x0001f81d       0x86 C:/msys64/mingw64/bin/../lib/gcc/arm-none-eabi/13.3.0/../../../../arm-none-eabi/lib/thumb/v7e-m+fp/hard\libc.a(libc_a-strlen.o)
 .debug_line    0x0001f8a3      0x16f C:/msys64/mingw64/bin/../lib/gcc/arm-none-eabi/13.3.0/thumb/v7e-m+fp/hard\libgcc.a(_arm_addsubdf3.o)